0 verbose cli /opt/homebrew/Cellar/node/23.9.0/bin/node /opt/homebrew/bin/npm
1 info using npm@10.9.2
2 info using node@v23.9.0
3 silly config load:file:/opt/homebrew/lib/node_modules/npm/npmrc
4 silly config load:file:/Users/guozigeng/Documents/Learning/Group Subject/Workspace/vue-frontend/.npmrc
5 silly config load:file:/Users/guozigeng/.npmrc
6 silly config load:file:/opt/homebrew/etc/npmrc
7 verbose title npm install
8 verbose argv "--cache" "/Users/guozigeng/Documents/Learning/Group Subject/Workspace/.npm-cache" "install"
9 verbose logfile logs-max:10 dir:/Users/guozigeng/Documents/Learning/Group Subject/Workspace/.npm-cache/_logs/2025-11-06T13_55_45_759Z-
10 verbose logfile /Users/guozigeng/Documents/Learning/Group Subject/Workspace/.npm-cache/_logs/2025-11-06T13_55_45_759Z-debug-0.log
11 silly logfile done cleaning log files
12 silly packumentCache heap:4345298944 maxSize:1086324736 maxEntrySize:543162368
13 silly idealTree buildDeps
14 silly fetch manifest vue@^3.5.22
15 silly packumentCache full:https://registry.npmmirror.com/vue cache-miss
16 http fetch GET 200 https://registry.npmmirror.com/vue 316ms (cache miss)
17 silly packumentCache full:https://registry.npmmirror.com/vue set size:361297 disposed:false
18 silly fetch manifest typescript@*
19 silly packumentCache full:https://registry.npmmirror.com/typescript cache-miss
20 http fetch GET 200 https://registry.npmmirror.com/typescript 237ms (cache miss)
21 silly packumentCache full:https://registry.npmmirror.com/typescript set size:1625355 disposed:false
22 silly fetch manifest @vitejs/plugin-vue@^6.0.1
23 silly packumentCache full:https://registry.npmmirror.com/@vitejs%2fplugin-vue cache-miss
24 http fetch GET 200 https://registry.npmmirror.com/@vitejs%2fplugin-vue 58ms (cache miss)
25 silly packumentCache full:https://registry.npmmirror.com/@vitejs%2fplugin-vue set size:76009 disposed:false
26 silly fetch manifest vite@^7.1.7
27 silly packumentCache full:https://registry.npmmirror.com/vite cache-miss
28 http fetch GET 200 https://registry.npmmirror.com/vite 759ms (cache miss)
29 silly packumentCache full:https://registry.npmmirror.com/vite set size:6208100 disposed:false
30 silly fetch manifest @types/node@^20.19.0 || >=22.12.0
31 silly packumentCache full:https://registry.npmmirror.com/@types%2fnode cache-miss
32 http fetch GET 200 https://registry.npmmirror.com/@types%2fnode 146ms (cache miss)
33 silly packumentCache full:https://registry.npmmirror.com/@types%2fnode set size:1112672 disposed:false
34 silly fetch manifest jiti@>=1.21.0
35 silly packumentCache full:https://registry.npmmirror.com/jiti cache-miss
36 http fetch GET 200 https://registry.npmmirror.com/jiti 43ms (cache miss)
37 silly packumentCache full:https://registry.npmmirror.com/jiti set size:60368 disposed:false
38 silly fetch manifest less@^4.0.0
39 silly packumentCache full:https://registry.npmmirror.com/less cache-miss
40 http fetch GET 200 https://registry.npmmirror.com/less 45ms (cache miss)
41 silly packumentCache full:https://registry.npmmirror.com/less set size:46468 disposed:false
42 silly fetch manifest lightningcss@^1.21.0
43 silly packumentCache full:https://registry.npmmirror.com/lightningcss cache-miss
44 http fetch GET 200 https://registry.npmmirror.com/lightningcss 89ms (cache miss)
45 silly packumentCache full:https://registry.npmmirror.com/lightningcss set size:30737 disposed:false
46 silly fetch manifest sass@^1.70.0
47 silly packumentCache full:https://registry.npmmirror.com/sass cache-miss
48 http fetch GET 200 https://registry.npmmirror.com/sass 50ms (cache miss)
49 silly packumentCache full:https://registry.npmmirror.com/sass set size:120571 disposed:false
50 silly fetch manifest sass-embedded@^1.70.0
51 silly packumentCache full:https://registry.npmmirror.com/sass-embedded cache-miss
52 http fetch GET 200 https://registry.npmmirror.com/sass-embedded 44ms (cache miss)
53 silly packumentCache full:https://registry.npmmirror.com/sass-embedded set size:70655 disposed:false
54 silly fetch manifest stylus@>=0.54.8
55 silly packumentCache full:https://registry.npmmirror.com/stylus cache-miss
56 http fetch GET 200 https://registry.npmmirror.com/stylus 45ms (cache miss)
57 silly packumentCache full:https://registry.npmmirror.com/stylus set size:65235 disposed:false
58 silly fetch manifest sugarss@^5.0.0
59 silly packumentCache full:https://registry.npmmirror.com/sugarss cache-miss
60 http fetch GET 200 https://registry.npmmirror.com/sugarss 47ms (cache miss)
61 silly packumentCache full:https://registry.npmmirror.com/sugarss set size:8151 disposed:false
62 silly fetch manifest postcss@^8.3.3
63 silly packumentCache full:https://registry.npmmirror.com/postcss cache-miss
64 http fetch GET 200 https://registry.npmmirror.com/postcss 47ms (cache miss)
65 silly packumentCache full:https://registry.npmmirror.com/postcss set size:94293 disposed:false
66 silly fetch manifest terser@^5.16.0
67 silly packumentCache full:https://registry.npmmirror.com/terser cache-miss
68 http fetch GET 200 https://registry.npmmirror.com/terser 52ms (cache miss)
69 silly packumentCache full:https://registry.npmmirror.com/terser set size:108920 disposed:false
70 silly fetch manifest tsx@^4.8.1
71 silly packumentCache full:https://registry.npmmirror.com/tsx cache-miss
72 http fetch GET 200 https://registry.npmmirror.com/tsx 107ms (cache miss)
73 silly packumentCache full:https://registry.npmmirror.com/tsx set size:67009 disposed:false
74 silly fetch manifest yaml@^2.4.2
75 silly packumentCache full:https://registry.npmmirror.com/yaml cache-miss
76 http fetch GET 200 https://registry.npmmirror.com/yaml 45ms (cache miss)
77 silly packumentCache full:https://registry.npmmirror.com/yaml set size:52583 disposed:false
78 silly placeDep ROOT @vitejs/plugin-vue@6.0.1 OK for: vue-frontend@0.0.0 want: ^6.0.1
79 silly placeDep ROOT vite@7.2.1 OK for: @vitejs/plugin-vue@6.0.1 want: ^5.0.0 || ^6.0.0 || ^7.0.0
80 silly placeDep ROOT vue@3.5.23 OK for: @vitejs/plugin-vue@6.0.1 want: ^3.2.25
81 silly fetch manifest @rolldown/pluginutils@1.0.0-beta.29
82 silly packumentCache full:https://registry.npmmirror.com/@rolldown%2fpluginutils cache-miss
83 silly fetch manifest @vue/compiler-dom@3.5.23
84 silly packumentCache full:https://registry.npmmirror.com/@vue%2fcompiler-dom cache-miss
85 silly fetch manifest @vue/shared@3.5.23
86 silly packumentCache full:https://registry.npmmirror.com/@vue%2fshared cache-miss
87 silly fetch manifest @vue/runtime-dom@3.5.23
88 silly packumentCache full:https://registry.npmmirror.com/@vue%2fruntime-dom cache-miss
89 silly fetch manifest @vue/server-renderer@3.5.23
90 silly packumentCache full:https://registry.npmmirror.com/@vue%2fserver-renderer cache-miss
91 silly fetch manifest @vue/compiler-sfc@3.5.23
92 silly packumentCache full:https://registry.npmmirror.com/@vue%2fcompiler-sfc cache-miss
93 silly fetch manifest esbuild@^0.25.0
94 silly packumentCache full:https://registry.npmmirror.com/esbuild cache-miss
95 silly fetch manifest fdir@^6.5.0
96 silly packumentCache full:https://registry.npmmirror.com/fdir cache-miss
97 silly fetch manifest picomatch@^4.0.3
98 silly packumentCache full:https://registry.npmmirror.com/picomatch cache-miss
99 http fetch GET 200 https://registry.npmmirror.com/@rolldown%2fpluginutils 49ms (cache miss)
100 silly packumentCache full:https://registry.npmmirror.com/@rolldown%2fpluginutils set size:35693 disposed:false
101 silly fetch manifest postcss@^8.5.6
102 silly packumentCache full:https://registry.npmmirror.com/postcss cache-hit
103 silly fetch manifest rollup@^4.43.0
104 silly packumentCache full:https://registry.npmmirror.com/rollup cache-miss
105 http fetch GET 200 https://registry.npmmirror.com/rollup 100ms (cache miss)
106 silly packumentCache full:https://registry.npmmirror.com/rollup set size:647842 disposed:false
107 silly fetch manifest tinyglobby@^0.2.15
108 silly packumentCache full:https://registry.npmmirror.com/tinyglobby cache-miss
109 http fetch GET 200 https://registry.npmmirror.com/fdir 237ms (cache miss)
110 silly packumentCache full:https://registry.npmmirror.com/fdir set size:21942 disposed:false
111 silly fetch manifest fsevents@~2.3.3
112 silly packumentCache full:https://registry.npmmirror.com/fsevents cache-miss
113 http fetch GET 200 https://registry.npmmirror.com/@vue%2fshared 248ms (cache miss)
114 silly packumentCache full:https://registry.npmmirror.com/@vue%2fshared set size:100754 disposed:false
115 http fetch GET 200 https://registry.npmmirror.com/@vue%2fcompiler-dom 252ms (cache miss)
116 silly packumentCache full:https://registry.npmmirror.com/@vue%2fcompiler-dom set size:107368 disposed:false
117 http fetch GET 200 https://registry.npmmirror.com/picomatch 259ms (cache miss)
118 silly packumentCache full:https://registry.npmmirror.com/picomatch set size:22184 disposed:false
119 http fetch GET 200 https://registry.npmmirror.com/tinyglobby 86ms (cache miss)
120 silly packumentCache full:https://registry.npmmirror.com/tinyglobby set size:9890 disposed:false
121 http fetch GET 200 https://registry.npmmirror.com/@vue%2fserver-renderer 279ms (cache miss)
122 silly packumentCache full:https://registry.npmmirror.com/@vue%2fserver-renderer set size:107692 disposed:false
123 http fetch GET 200 https://registry.npmmirror.com/@vue%2fruntime-dom 295ms (cache miss)
124 silly packumentCache full:https://registry.npmmirror.com/@vue%2fruntime-dom set size:107321 disposed:false
125 http fetch GET 200 https://registry.npmmirror.com/fsevents 57ms (cache miss)
126 silly packumentCache full:https://registry.npmmirror.com/fsevents set size:16345 disposed:false
127 http fetch GET 200 https://registry.npmmirror.com/esbuild 298ms (cache miss)
128 silly packumentCache full:https://registry.npmmirror.com/esbuild set size:206816 disposed:false
129 http fetch GET 200 https://registry.npmmirror.com/@vue%2fcompiler-sfc 309ms (cache miss)
130 silly packumentCache full:https://registry.npmmirror.com/@vue%2fcompiler-sfc set size:153579 disposed:false
131 silly placeDep ROOT @rolldown/pluginutils@1.0.0-beta.29 OK for: @vitejs/plugin-vue@6.0.1 want: 1.0.0-beta.29
132 silly placeDep ROOT esbuild@0.25.12 OK for: vite@7.2.1 want: ^0.25.0
133 silly placeDep ROOT fdir@6.5.0 OK for: vite@7.2.1 want: ^6.5.0
134 silly placeDep ROOT fsevents@2.3.3 OK for: vite@7.2.1 want: ~2.3.3
135 silly placeDep ROOT picomatch@4.0.3 OK for: vite@7.2.1 want: ^4.0.3
136 silly placeDep ROOT postcss@8.5.6 OK for: vite@7.2.1 want: ^8.5.6
137 silly placeDep ROOT rollup@4.52.5 OK for: vite@7.2.1 want: ^4.43.0
138 silly placeDep ROOT tinyglobby@0.2.15 OK for: vite@7.2.1 want: ^0.2.15
139 silly fetch manifest @esbuild/aix-ppc64@0.25.12
140 silly packumentCache full:https://registry.npmmirror.com/@esbuild%2faix-ppc64 cache-miss
141 silly fetch manifest @esbuild/android-arm@0.25.12
142 silly packumentCache full:https://registry.npmmirror.com/@esbuild%2fandroid-arm cache-miss
143 silly fetch manifest @esbuild/android-arm64@0.25.12
144 silly packumentCache full:https://registry.npmmirror.com/@esbuild%2fandroid-arm64 cache-miss
145 silly fetch manifest @esbuild/android-x64@0.25.12
146 silly packumentCache full:https://registry.npmmirror.com/@esbuild%2fandroid-x64 cache-miss
147 silly fetch manifest @esbuild/darwin-arm64@0.25.12
148 silly packumentCache full:https://registry.npmmirror.com/@esbuild%2fdarwin-arm64 cache-miss
149 silly fetch manifest @esbuild/darwin-x64@0.25.12
150 silly packumentCache full:https://registry.npmmirror.com/@esbuild%2fdarwin-x64 cache-miss
151 silly fetch manifest @esbuild/freebsd-arm64@0.25.12
152 silly packumentCache full:https://registry.npmmirror.com/@esbuild%2ffreebsd-arm64 cache-miss
153 silly fetch manifest @esbuild/freebsd-x64@0.25.12
154 silly packumentCache full:https://registry.npmmirror.com/@esbuild%2ffreebsd-x64 cache-miss
155 silly fetch manifest @esbuild/linux-arm@0.25.12
156 silly packumentCache full:https://registry.npmmirror.com/@esbuild%2flinux-arm cache-miss
157 http fetch GET 200 https://registry.npmmirror.com/@esbuild%2fandroid-arm 52ms (cache miss)
158 silly packumentCache full:https://registry.npmmirror.com/@esbuild%2fandroid-arm set size:66430 disposed:false
159 silly fetch manifest @esbuild/linux-arm64@0.25.12
160 silly packumentCache full:https://registry.npmmirror.com/@esbuild%2flinux-arm64 cache-miss
161 http fetch GET 200 https://registry.npmmirror.com/@esbuild%2ffreebsd-x64 83ms (cache miss)
162 silly packumentCache full:https://registry.npmmirror.com/@esbuild%2ffreebsd-x64 set size:56334 disposed:false
163 silly fetch manifest @esbuild/linux-ia32@0.25.12
164 silly packumentCache full:https://registry.npmmirror.com/@esbuild%2flinux-ia32 cache-miss
165 http fetch GET 200 https://registry.npmmirror.com/@esbuild%2fandroid-x64 98ms (cache miss)
166 silly packumentCache full:https://registry.npmmirror.com/@esbuild%2fandroid-x64 set size:56249 disposed:false
167 silly fetch manifest @esbuild/linux-loong64@0.25.12
168 silly packumentCache full:https://registry.npmmirror.com/@esbuild%2flinux-loong64 cache-miss
169 http fetch GET 200 https://registry.npmmirror.com/@esbuild%2faix-ppc64 100ms (cache miss)
170 silly packumentCache full:https://registry.npmmirror.com/@esbuild%2faix-ppc64 set size:11964 disposed:false
171 silly fetch manifest @esbuild/linux-mips64el@0.25.12
172 silly packumentCache full:https://registry.npmmirror.com/@esbuild%2flinux-mips64el cache-miss
173 http fetch GET 200 https://registry.npmmirror.com/@esbuild%2flinux-arm 100ms (cache miss)
174 silly packumentCache full:https://registry.npmmirror.com/@esbuild%2flinux-arm set size:55745 disposed:false
175 silly fetch manifest @esbuild/linux-ppc64@0.25.12
176 silly packumentCache full:https://registry.npmmirror.com/@esbuild%2flinux-ppc64 cache-miss
177 http fetch GET 200 https://registry.npmmirror.com/@esbuild%2fdarwin-x64 102ms (cache miss)
178 silly packumentCache full:https://registry.npmmirror.com/@esbuild%2fdarwin-x64 set size:56139 disposed:false
179 silly fetch manifest @esbuild/linux-riscv64@0.25.12
180 silly packumentCache full:https://registry.npmmirror.com/@esbuild%2flinux-riscv64 cache-miss
181 http fetch GET 200 https://registry.npmmirror.com/@esbuild%2fandroid-arm64 141ms (cache miss)
182 silly packumentCache full:https://registry.npmmirror.com/@esbuild%2fandroid-arm64 set size:57033 disposed:false
183 silly fetch manifest @esbuild/linux-s390x@0.25.12
184 silly packumentCache full:https://registry.npmmirror.com/@esbuild%2flinux-s390x cache-miss
185 http fetch GET 200 https://registry.npmmirror.com/@esbuild%2flinux-arm64 89ms (cache miss)
186 silly packumentCache full:https://registry.npmmirror.com/@esbuild%2flinux-arm64 set size:56265 disposed:false
187 silly fetch manifest @esbuild/linux-x64@0.25.12
188 silly packumentCache full:https://registry.npmmirror.com/@esbuild%2flinux-x64 cache-miss
189 http fetch GET 200 https://registry.npmmirror.com/@esbuild%2ffreebsd-arm64 151ms (cache miss)
190 silly packumentCache full:https://registry.npmmirror.com/@esbuild%2ffreebsd-arm64 set size:56073 disposed:false
191 silly fetch manifest @esbuild/netbsd-arm64@0.25.12
192 silly packumentCache full:https://registry.npmmirror.com/@esbuild%2fnetbsd-arm64 cache-miss
193 http fetch GET 200 https://registry.npmmirror.com/@esbuild%2flinux-loong64 55ms (cache miss)
194 silly packumentCache full:https://registry.npmmirror.com/@esbuild%2flinux-loong64 set size:75803 disposed:false
195 silly fetch manifest @esbuild/netbsd-x64@0.25.12
196 silly packumentCache full:https://registry.npmmirror.com/@esbuild%2fnetbsd-x64 cache-miss
197 http fetch GET 200 https://registry.npmmirror.com/@esbuild%2fdarwin-arm64 156ms (cache miss)
198 silly packumentCache full:https://registry.npmmirror.com/@esbuild%2fdarwin-arm64 set size:56522 disposed:false
199 silly fetch manifest @esbuild/openbsd-arm64@0.25.12
200 silly packumentCache full:https://registry.npmmirror.com/@esbuild%2fopenbsd-arm64 cache-miss
201 http fetch GET 200 https://registry.npmmirror.com/@esbuild%2flinux-ia32 82ms (cache miss)
202 silly packumentCache full:https://registry.npmmirror.com/@esbuild%2flinux-ia32 set size:56431 disposed:false
203 silly fetch manifest @esbuild/openbsd-x64@0.25.12
204 silly packumentCache full:https://registry.npmmirror.com/@esbuild%2fopenbsd-x64 cache-miss
205 http fetch GET 200 https://registry.npmmirror.com/@esbuild%2flinux-ppc64 98ms (cache miss)
206 silly packumentCache full:https://registry.npmmirror.com/@esbuild%2flinux-ppc64 set size:56251 disposed:false
207 silly fetch manifest @esbuild/openharmony-arm64@0.25.12
208 silly packumentCache full:https://registry.npmmirror.com/@esbuild%2fopenharmony-arm64 cache-miss
209 http fetch GET 200 https://registry.npmmirror.com/@esbuild%2flinux-mips64el 100ms (cache miss)
210 silly packumentCache full:https://registry.npmmirror.com/@esbuild%2flinux-mips64el set size:56330 disposed:false
211 silly fetch manifest @esbuild/sunos-x64@0.25.12
212 silly packumentCache full:https://registry.npmmirror.com/@esbuild%2fsunos-x64 cache-miss
213 http fetch GET 200 https://registry.npmmirror.com/@esbuild%2flinux-riscv64 99ms (cache miss)
214 silly packumentCache full:https://registry.npmmirror.com/@esbuild%2flinux-riscv64 set size:56450 disposed:false
215 silly fetch manifest @esbuild/win32-arm64@0.25.12
216 silly packumentCache full:https://registry.npmmirror.com/@esbuild%2fwin32-arm64 cache-miss
217 http fetch GET 200 https://registry.npmmirror.com/@esbuild%2fnetbsd-arm64 81ms (cache miss)
218 silly packumentCache full:https://registry.npmmirror.com/@esbuild%2fnetbsd-arm64 set size:6193 disposed:false
219 silly fetch manifest @esbuild/win32-ia32@0.25.12
220 silly packumentCache full:https://registry.npmmirror.com/@esbuild%2fwin32-ia32 cache-miss
221 http fetch GET 200 https://registry.npmmirror.com/@esbuild%2flinux-s390x 91ms (cache miss)
222 silly packumentCache full:https://registry.npmmirror.com/@esbuild%2flinux-s390x set size:56350 disposed:false
223 silly fetch manifest @esbuild/win32-x64@0.25.12
224 silly packumentCache full:https://registry.npmmirror.com/@esbuild%2fwin32-x64 cache-miss
225 http fetch GET 200 https://registry.npmmirror.com/@esbuild%2flinux-x64 99ms (cache miss)
226 silly packumentCache full:https://registry.npmmirror.com/@esbuild%2flinux-x64 set size:56160 disposed:false
227 silly fetch manifest nanoid@^3.3.11
228 silly packumentCache full:https://registry.npmmirror.com/nanoid cache-miss
229 http fetch GET 200 https://registry.npmmirror.com/@esbuild%2fopenbsd-arm64 90ms (cache miss)
230 silly packumentCache full:https://registry.npmmirror.com/@esbuild%2fopenbsd-arm64 set size:7309 disposed:false
231 silly fetch manifest picocolors@^1.1.1
232 silly packumentCache full:https://registry.npmmirror.com/picocolors cache-miss
233 http fetch GET 200 https://registry.npmmirror.com/@esbuild%2fopenbsd-x64 82ms (cache miss)
234 silly packumentCache full:https://registry.npmmirror.com/@esbuild%2fopenbsd-x64 set size:56300 disposed:false
235 silly fetch manifest source-map-js@^1.2.1
236 silly packumentCache full:https://registry.npmmirror.com/source-map-js cache-miss
237 http fetch GET 200 https://registry.npmmirror.com/@esbuild%2fnetbsd-x64 96ms (cache miss)
238 silly packumentCache full:https://registry.npmmirror.com/@esbuild%2fnetbsd-x64 set size:56262 disposed:false
239 silly fetch manifest @types/estree@1.0.8
240 silly packumentCache full:https://registry.npmmirror.com/@types%2festree cache-miss
241 http fetch GET 200 https://registry.npmmirror.com/@esbuild%2fwin32-arm64 83ms (cache miss)
242 silly packumentCache full:https://registry.npmmirror.com/@esbuild%2fwin32-arm64 set size:56335 disposed:false
243 silly fetch manifest @rollup/rollup-darwin-arm64@4.52.5
244 silly packumentCache full:https://registry.npmmirror.com/@rollup%2frollup-darwin-arm64 cache-miss
245 http fetch GET 200 https://registry.npmmirror.com/@esbuild%2fsunos-x64 90ms (cache miss)
246 silly packumentCache full:https://registry.npmmirror.com/@esbuild%2fsunos-x64 set size:56314 disposed:false
247 silly fetch manifest @rollup/rollup-android-arm64@4.52.5
248 silly packumentCache full:https://registry.npmmirror.com/@rollup%2frollup-android-arm64 cache-miss
249 http fetch GET 200 https://registry.npmmirror.com/@esbuild%2fopenharmony-arm64 92ms (cache miss)
250 silly packumentCache full:https://registry.npmmirror.com/@esbuild%2fopenharmony-arm64 set size:3413 disposed:false
251 silly fetch manifest @rollup/rollup-win32-arm64-msvc@4.52.5
252 silly packumentCache full:https://registry.npmmirror.com/@rollup%2frollup-win32-arm64-msvc cache-miss
253 http fetch GET 200 https://registry.npmmirror.com/nanoid 52ms (cache miss)
254 silly packumentCache full:https://registry.npmmirror.com/nanoid set size:45536 disposed:false
255 silly fetch manifest @rollup/rollup-freebsd-arm64@4.52.5
256 silly packumentCache full:https://registry.npmmirror.com/@rollup%2frollup-freebsd-arm64 cache-miss
257 http fetch GET 200 https://registry.npmmirror.com/source-map-js 46ms (cache miss)
258 silly packumentCache full:https://registry.npmmirror.com/source-map-js set size:14399 disposed:false
259 silly fetch manifest @rollup/rollup-linux-arm64-gnu@4.52.5
260 silly packumentCache full:https://registry.npmmirror.com/@rollup%2frollup-linux-arm64-gnu cache-miss
261 http fetch GET 200 https://registry.npmmirror.com/@types%2festree 56ms (cache miss)
262 silly packumentCache full:https://registry.npmmirror.com/@types%2festree set size:16110 disposed:false
263 silly fetch manifest @rollup/rollup-linux-arm64-musl@4.52.5
264 silly packumentCache full:https://registry.npmmirror.com/@rollup%2frollup-linux-arm64-musl cache-miss
265 http fetch GET 200 https://registry.npmmirror.com/picocolors 61ms (cache miss)
266 silly packumentCache full:https://registry.npmmirror.com/picocolors set size:4040 disposed:false
267 silly fetch manifest @rollup/rollup-android-arm-eabi@4.52.5
268 silly packumentCache full:https://registry.npmmirror.com/@rollup%2frollup-android-arm-eabi cache-miss
269 http fetch GET 200 https://registry.npmmirror.com/@esbuild%2fwin32-x64 79ms (cache miss)
270 silly packumentCache full:https://registry.npmmirror.com/@esbuild%2fwin32-x64 set size:56686 disposed:false
271 silly fetch manifest @rollup/rollup-linux-arm-gnueabihf@4.52.5
272 silly packumentCache full:https://registry.npmmirror.com/@rollup%2frollup-linux-arm-gnueabihf cache-miss
273 http fetch GET 200 https://registry.npmmirror.com/@esbuild%2fwin32-ia32 109ms (cache miss)
274 silly packumentCache full:https://registry.npmmirror.com/@esbuild%2fwin32-ia32 set size:56765 disposed:false
275 silly fetch manifest @rollup/rollup-linux-arm-musleabihf@4.52.5
276 silly packumentCache full:https://registry.npmmirror.com/@rollup%2frollup-linux-arm-musleabihf cache-miss
277 http fetch GET 200 https://registry.npmmirror.com/@rollup%2frollup-darwin-arm64 88ms (cache miss)
278 silly packumentCache full:https://registry.npmmirror.com/@rollup%2frollup-darwin-arm64 set size:61882 disposed:false
279 silly fetch manifest @rollup/rollup-win32-ia32-msvc@4.52.5
280 silly packumentCache full:https://registry.npmmirror.com/@rollup%2frollup-win32-ia32-msvc cache-miss
281 http fetch GET 200 https://registry.npmmirror.com/@rollup%2frollup-win32-arm64-msvc 88ms (cache miss)
282 silly packumentCache full:https://registry.npmmirror.com/@rollup%2frollup-win32-arm64-msvc set size:62274 disposed:false
283 silly fetch manifest @rollup/rollup-linux-loong64-gnu@4.52.5
284 silly packumentCache full:https://registry.npmmirror.com/@rollup%2frollup-linux-loong64-gnu cache-miss
285 http fetch GET 200 https://registry.npmmirror.com/@rollup%2frollup-freebsd-arm64 90ms (cache miss)
286 silly packumentCache full:https://registry.npmmirror.com/@rollup%2frollup-freebsd-arm64 set size:30803 disposed:false
287 silly fetch manifest @rollup/rollup-linux-riscv64-gnu@4.52.5
288 silly packumentCache full:https://registry.npmmirror.com/@rollup%2frollup-linux-riscv64-gnu cache-miss
289 http fetch GET 200 https://registry.npmmirror.com/@rollup%2frollup-linux-arm64-gnu 92ms (cache miss)
290 silly packumentCache full:https://registry.npmmirror.com/@rollup%2frollup-linux-arm64-gnu set size:62126 disposed:false
291 silly fetch manifest @rollup/rollup-linux-riscv64-musl@4.52.5
292 silly packumentCache full:https://registry.npmmirror.com/@rollup%2frollup-linux-riscv64-musl cache-miss
293 http fetch GET 200 https://registry.npmmirror.com/@rollup%2frollup-linux-arm-gnueabihf 78ms (cache miss)
294 silly packumentCache full:https://registry.npmmirror.com/@rollup%2frollup-linux-arm-gnueabihf set size:62645 disposed:false
295 silly fetch manifest @rollup/rollup-linux-ppc64-gnu@4.52.5
296 silly packumentCache full:https://registry.npmmirror.com/@rollup%2frollup-linux-ppc64-gnu cache-miss
297 http fetch GET 200 https://registry.npmmirror.com/@rollup%2frollup-android-arm-eabi 95ms (cache miss)
298 silly packumentCache full:https://registry.npmmirror.com/@rollup%2frollup-android-arm-eabi set size:62108 disposed:false
299 silly fetch manifest @rollup/rollup-linux-s390x-gnu@4.52.5
300 silly packumentCache full:https://registry.npmmirror.com/@rollup%2frollup-linux-s390x-gnu cache-miss
301 http fetch GET 200 https://registry.npmmirror.com/@rollup%2frollup-linux-arm-musleabihf 90ms (cache miss)
302 silly packumentCache full:https://registry.npmmirror.com/@rollup%2frollup-linux-arm-musleabihf set size:41313 disposed:false
303 silly fetch manifest @rollup/rollup-darwin-x64@4.52.5
304 silly packumentCache full:https://registry.npmmirror.com/@rollup%2frollup-darwin-x64 cache-miss
305 http fetch GET 200 https://registry.npmmirror.com/@rollup%2frollup-android-arm64 146ms (cache miss)
306 silly packumentCache full:https://registry.npmmirror.com/@rollup%2frollup-android-arm64 set size:62194 disposed:false
307 silly fetch manifest @rollup/rollup-win32-x64-gnu@4.52.5
308 silly packumentCache full:https://registry.npmmirror.com/@rollup%2frollup-win32-x64-gnu cache-miss
309 http fetch GET 200 https://registry.npmmirror.com/@rollup%2frollup-linux-arm64-musl 153ms (cache miss)
310 silly packumentCache full:https://registry.npmmirror.com/@rollup%2frollup-linux-arm64-musl set size:53265 disposed:false
311 silly fetch manifest @rollup/rollup-win32-x64-msvc@4.52.5
312 silly packumentCache full:https://registry.npmmirror.com/@rollup%2frollup-win32-x64-msvc cache-miss
313 http fetch GET 200 https://registry.npmmirror.com/@rollup%2frollup-win32-ia32-msvc 89ms (cache miss)
314 silly packumentCache full:https://registry.npmmirror.com/@rollup%2frollup-win32-ia32-msvc set size:62434 disposed:false
315 silly fetch manifest @rollup/rollup-freebsd-x64@4.52.5
316 silly packumentCache full:https://registry.npmmirror.com/@rollup%2frollup-freebsd-x64 cache-miss
317 http fetch GET 200 https://registry.npmmirror.com/@rollup%2frollup-linux-ppc64-gnu 79ms (cache miss)
318 silly packumentCache full:https://registry.npmmirror.com/@rollup%2frollup-linux-ppc64-gnu set size:10519 disposed:false
319 silly fetch manifest @rollup/rollup-linux-x64-gnu@4.52.5
320 silly packumentCache full:https://registry.npmmirror.com/@rollup%2frollup-linux-x64-gnu cache-miss
321 http fetch GET 200 https://registry.npmmirror.com/@rollup%2frollup-linux-riscv64-musl 86ms (cache miss)
322 silly packumentCache full:https://registry.npmmirror.com/@rollup%2frollup-linux-riscv64-musl set size:15613 disposed:false
323 silly fetch manifest @rollup/rollup-linux-x64-musl@4.52.5
324 silly packumentCache full:https://registry.npmmirror.com/@rollup%2frollup-linux-x64-musl cache-miss
325 http fetch GET 200 https://registry.npmmirror.com/@rollup%2frollup-linux-loong64-gnu 95ms (cache miss)
326 silly packumentCache full:https://registry.npmmirror.com/@rollup%2frollup-linux-loong64-gnu set size:5650 disposed:false
327 silly fetch manifest @rollup/rollup-openharmony-arm64@4.52.5
328 silly packumentCache full:https://registry.npmmirror.com/@rollup%2frollup-openharmony-arm64 cache-miss
329 http fetch GET 200 https://registry.npmmirror.com/@rollup%2frollup-linux-riscv64-gnu 92ms (cache miss)
330 silly packumentCache full:https://registry.npmmirror.com/@rollup%2frollup-linux-riscv64-gnu set size:47618 disposed:false
331 http fetch GET 200 https://registry.npmmirror.com/@rollup%2frollup-linux-s390x-gnu 88ms (cache miss)
332 silly packumentCache full:https://registry.npmmirror.com/@rollup%2frollup-linux-s390x-gnu set size:42673 disposed:false
333 http fetch GET 200 https://registry.npmmirror.com/@rollup%2frollup-win32-x64-gnu 77ms (cache miss)
334 silly packumentCache full:https://registry.npmmirror.com/@rollup%2frollup-win32-x64-gnu set size:4780 disposed:false
335 http fetch GET 200 https://registry.npmmirror.com/@rollup%2frollup-darwin-x64 90ms (cache miss)
336 silly packumentCache full:https://registry.npmmirror.com/@rollup%2frollup-darwin-x64 set size:61757 disposed:false
337 http fetch GET 200 https://registry.npmmirror.com/@rollup%2frollup-freebsd-x64 78ms (cache miss)
338 silly packumentCache full:https://registry.npmmirror.com/@rollup%2frollup-freebsd-x64 set size:31197 disposed:false
339 http fetch GET 200 https://registry.npmmirror.com/@rollup%2frollup-win32-x64-msvc 95ms (cache miss)
340 silly packumentCache full:https://registry.npmmirror.com/@rollup%2frollup-win32-x64-msvc set size:61944 disposed:false
341 http fetch GET 200 https://registry.npmmirror.com/@rollup%2frollup-openharmony-arm64 84ms (cache miss)
342 silly packumentCache full:https://registry.npmmirror.com/@rollup%2frollup-openharmony-arm64 set size:6284 disposed:false
343 http fetch GET 200 https://registry.npmmirror.com/@rollup%2frollup-linux-x64-musl 84ms (cache miss)
344 silly packumentCache full:https://registry.npmmirror.com/@rollup%2frollup-linux-x64-musl set size:61963 disposed:false
345 http fetch GET 200 https://registry.npmmirror.com/@rollup%2frollup-linux-x64-gnu 141ms (cache miss)
346 silly packumentCache full:https://registry.npmmirror.com/@rollup%2frollup-linux-x64-gnu set size:61793 disposed:false
347 silly placeDep ROOT @esbuild/aix-ppc64@0.25.12 OK for: esbuild@0.25.12 want: 0.25.12
348 silly placeDep ROOT @esbuild/android-arm@0.25.12 OK for: esbuild@0.25.12 want: 0.25.12
349 silly placeDep ROOT @esbuild/android-arm64@0.25.12 OK for: esbuild@0.25.12 want: 0.25.12
350 silly placeDep ROOT @esbuild/android-x64@0.25.12 OK for: esbuild@0.25.12 want: 0.25.12
351 silly placeDep ROOT @esbuild/darwin-arm64@0.25.12 OK for: esbuild@0.25.12 want: 0.25.12
352 silly placeDep ROOT @esbuild/darwin-x64@0.25.12 OK for: esbuild@0.25.12 want: 0.25.12
353 silly placeDep ROOT @esbuild/freebsd-arm64@0.25.12 OK for: esbuild@0.25.12 want: 0.25.12
354 silly placeDep ROOT @esbuild/freebsd-x64@0.25.12 OK for: esbuild@0.25.12 want: 0.25.12
355 silly placeDep ROOT @esbuild/linux-arm@0.25.12 OK for: esbuild@0.25.12 want: 0.25.12
356 silly placeDep ROOT @esbuild/linux-arm64@0.25.12 OK for: esbuild@0.25.12 want: 0.25.12
357 silly placeDep ROOT @esbuild/linux-ia32@0.25.12 OK for: esbuild@0.25.12 want: 0.25.12
358 silly placeDep ROOT @esbuild/linux-loong64@0.25.12 OK for: esbuild@0.25.12 want: 0.25.12
359 silly placeDep ROOT @esbuild/linux-mips64el@0.25.12 OK for: esbuild@0.25.12 want: 0.25.12
360 silly placeDep ROOT @esbuild/linux-ppc64@0.25.12 OK for: esbuild@0.25.12 want: 0.25.12
361 silly placeDep ROOT @esbuild/linux-riscv64@0.25.12 OK for: esbuild@0.25.12 want: 0.25.12
362 silly placeDep ROOT @esbuild/linux-s390x@0.25.12 OK for: esbuild@0.25.12 want: 0.25.12
363 silly placeDep ROOT @esbuild/linux-x64@0.25.12 OK for: esbuild@0.25.12 want: 0.25.12
364 silly placeDep ROOT @esbuild/netbsd-arm64@0.25.12 OK for: esbuild@0.25.12 want: 0.25.12
365 silly placeDep ROOT @esbuild/netbsd-x64@0.25.12 OK for: esbuild@0.25.12 want: 0.25.12
366 silly placeDep ROOT @esbuild/openbsd-arm64@0.25.12 OK for: esbuild@0.25.12 want: 0.25.12
367 silly placeDep ROOT @esbuild/openbsd-x64@0.25.12 OK for: esbuild@0.25.12 want: 0.25.12
368 silly placeDep ROOT @esbuild/openharmony-arm64@0.25.12 OK for: esbuild@0.25.12 want: 0.25.12
369 silly placeDep ROOT @esbuild/sunos-x64@0.25.12 OK for: esbuild@0.25.12 want: 0.25.12
370 silly placeDep ROOT @esbuild/win32-arm64@0.25.12 OK for: esbuild@0.25.12 want: 0.25.12
371 silly placeDep ROOT @esbuild/win32-ia32@0.25.12 OK for: esbuild@0.25.12 want: 0.25.12
372 silly placeDep ROOT @esbuild/win32-x64@0.25.12 OK for: esbuild@0.25.12 want: 0.25.12
373 silly placeDep ROOT nanoid@3.3.11 OK for: postcss@8.5.6 want: ^3.3.11
374 silly placeDep ROOT picocolors@1.1.1 OK for: postcss@8.5.6 want: ^1.1.1
375 silly placeDep ROOT source-map-js@1.2.1 OK for: postcss@8.5.6 want: ^1.2.1
376 silly placeDep ROOT @rollup/rollup-android-arm-eabi@4.52.5 OK for: rollup@4.52.5 want: 4.52.5
377 silly placeDep ROOT @rollup/rollup-android-arm64@4.52.5 OK for: rollup@4.52.5 want: 4.52.5
378 silly placeDep ROOT @rollup/rollup-darwin-arm64@4.52.5 OK for: rollup@4.52.5 want: 4.52.5
379 silly placeDep ROOT @rollup/rollup-darwin-x64@4.52.5 OK for: rollup@4.52.5 want: 4.52.5
380 silly placeDep ROOT @rollup/rollup-freebsd-arm64@4.52.5 OK for: rollup@4.52.5 want: 4.52.5
381 silly placeDep ROOT @rollup/rollup-freebsd-x64@4.52.5 OK for: rollup@4.52.5 want: 4.52.5
382 silly placeDep ROOT @rollup/rollup-linux-arm-gnueabihf@4.52.5 OK for: rollup@4.52.5 want: 4.52.5
383 silly placeDep ROOT @rollup/rollup-linux-arm-musleabihf@4.52.5 OK for: rollup@4.52.5 want: 4.52.5
384 silly placeDep ROOT @rollup/rollup-linux-arm64-gnu@4.52.5 OK for: rollup@4.52.5 want: 4.52.5
385 silly placeDep ROOT @rollup/rollup-linux-arm64-musl@4.52.5 OK for: rollup@4.52.5 want: 4.52.5
386 silly placeDep ROOT @rollup/rollup-linux-loong64-gnu@4.52.5 OK for: rollup@4.52.5 want: 4.52.5
387 silly placeDep ROOT @rollup/rollup-linux-ppc64-gnu@4.52.5 OK for: rollup@4.52.5 want: 4.52.5
388 silly placeDep ROOT @rollup/rollup-linux-riscv64-gnu@4.52.5 OK for: rollup@4.52.5 want: 4.52.5
389 silly placeDep ROOT @rollup/rollup-linux-riscv64-musl@4.52.5 OK for: rollup@4.52.5 want: 4.52.5
390 silly placeDep ROOT @rollup/rollup-linux-s390x-gnu@4.52.5 OK for: rollup@4.52.5 want: 4.52.5
391 silly placeDep ROOT @rollup/rollup-linux-x64-gnu@4.52.5 OK for: rollup@4.52.5 want: 4.52.5
392 silly placeDep ROOT @rollup/rollup-linux-x64-musl@4.52.5 OK for: rollup@4.52.5 want: 4.52.5
393 silly placeDep ROOT @rollup/rollup-openharmony-arm64@4.52.5 OK for: rollup@4.52.5 want: 4.52.5
394 silly placeDep ROOT @rollup/rollup-win32-arm64-msvc@4.52.5 OK for: rollup@4.52.5 want: 4.52.5
395 silly placeDep ROOT @rollup/rollup-win32-ia32-msvc@4.52.5 OK for: rollup@4.52.5 want: 4.52.5
396 silly placeDep ROOT @rollup/rollup-win32-x64-gnu@4.52.5 OK for: rollup@4.52.5 want: 4.52.5
397 silly placeDep ROOT @rollup/rollup-win32-x64-msvc@4.52.5 OK for: rollup@4.52.5 want: 4.52.5
398 silly placeDep ROOT @types/estree@1.0.8 OK for: rollup@4.52.5 want: 1.0.8
399 silly fetch manifest vue@3.5.23
400 silly packumentCache full:https://registry.npmmirror.com/vue cache-hit
401 silly placeDep ROOT @vue/compiler-dom@3.5.23 OK for: vue@3.5.23 want: 3.5.23
402 silly placeDep ROOT @vue/compiler-sfc@3.5.23 OK for: vue@3.5.23 want: 3.5.23
403 silly placeDep ROOT @vue/runtime-dom@3.5.23 OK for: vue@3.5.23 want: 3.5.23
404 silly placeDep ROOT @vue/server-renderer@3.5.23 OK for: vue@3.5.23 want: 3.5.23
405 silly placeDep ROOT @vue/shared@3.5.23 OK for: vue@3.5.23 want: 3.5.23
406 silly fetch manifest @vue/compiler-core@3.5.23
407 silly packumentCache full:https://registry.npmmirror.com/@vue%2fcompiler-core cache-miss
408 silly fetch manifest @babel/parser@^7.28.5
409 silly packumentCache full:https://registry.npmmirror.com/@babel%2fparser cache-miss
410 silly fetch manifest estree-walker@^2.0.2
411 silly packumentCache full:https://registry.npmmirror.com/estree-walker cache-miss
412 silly fetch manifest magic-string@^0.30.21
413 silly packumentCache full:https://registry.npmmirror.com/magic-string cache-miss
414 silly fetch manifest @vue/compiler-core@3.5.23
415 silly packumentCache full:https://registry.npmmirror.com/@vue%2fcompiler-core cache-miss
416 silly fetch manifest @vue/compiler-ssr@3.5.23
417 silly packumentCache full:https://registry.npmmirror.com/@vue%2fcompiler-ssr cache-miss
418 silly fetch manifest csstype@^3.1.3
419 silly packumentCache full:https://registry.npmmirror.com/csstype cache-miss
420 silly fetch manifest @vue/reactivity@3.5.23
421 silly packumentCache full:https://registry.npmmirror.com/@vue%2freactivity cache-miss
422 silly fetch manifest @vue/runtime-core@3.5.23
423 silly packumentCache full:https://registry.npmmirror.com/@vue%2fruntime-core cache-miss
424 http fetch GET 200 https://registry.npmmirror.com/estree-walker 45ms (cache miss)
425 silly packumentCache full:https://registry.npmmirror.com/estree-walker set size:11874 disposed:false
426 silly fetch manifest @vue/compiler-ssr@3.5.23
427 silly packumentCache full:https://registry.npmmirror.com/@vue%2fcompiler-ssr cache-miss
428 http fetch GET 200 https://registry.npmmirror.com/csstype 55ms (cache miss)
429 silly packumentCache full:https://registry.npmmirror.com/csstype set size:39527 disposed:false
430 http fetch GET 200 https://registry.npmmirror.com/@vue%2fruntime-core 57ms (cache miss)
431 silly packumentCache full:https://registry.npmmirror.com/@vue%2fruntime-core set size:106145 disposed:false
432 http fetch GET 200 https://registry.npmmirror.com/magic-string 62ms (cache miss)
433 silly packumentCache full:https://registry.npmmirror.com/magic-string set size:56355 disposed:false
434 http fetch GET 200 https://registry.npmmirror.com/@vue%2fcompiler-core 67ms (cache miss)
435 silly packumentCache full:https://registry.npmmirror.com/@vue%2fcompiler-core set size:107476 disposed:false
436 http fetch GET 200 https://registry.npmmirror.com/@vue%2freactivity 70ms (cache miss)
437 silly packumentCache full:https://registry.npmmirror.com/@vue%2freactivity set size:105590 disposed:false
438 http fetch GET 200 https://registry.npmmirror.com/@vue%2fcompiler-ssr 73ms (cache miss)
439 silly packumentCache full:https://registry.npmmirror.com/@vue%2fcompiler-ssr set size:102413 disposed:false
440 http fetch GET 200 https://registry.npmmirror.com/@vue%2fcompiler-core 76ms (cache miss)
441 silly packumentCache full:https://registry.npmmirror.com/@vue%2fcompiler-core set size:107476 disposed:false
442 silly packumentCache full:https://registry.npmmirror.com/@vue%2fcompiler-core dispose
443 http fetch GET 200 https://registry.npmmirror.com/@babel%2fparser 78ms (cache miss)
444 silly packumentCache full:https://registry.npmmirror.com/@babel%2fparser set size:104502 disposed:false
445 http fetch GET 200 https://registry.npmmirror.com/@vue%2fcompiler-ssr 62ms (cache miss)
446 silly packumentCache full:https://registry.npmmirror.com/@vue%2fcompiler-ssr set size:102413 disposed:false
447 silly packumentCache full:https://registry.npmmirror.com/@vue%2fcompiler-ssr dispose
448 silly placeDep ROOT @vue/compiler-core@3.5.23 OK for: @vue/compiler-dom@3.5.23 want: 3.5.23
449 silly fetch manifest entities@^4.5.0
450 silly packumentCache full:https://registry.npmmirror.com/entities cache-miss
451 http fetch GET 200 https://registry.npmmirror.com/entities 43ms (cache miss)
452 silly packumentCache full:https://registry.npmmirror.com/entities set size:21836 disposed:false
453 silly placeDep ROOT @babel/parser@7.28.5 OK for: @vue/compiler-core@3.5.23 want: ^7.28.5
454 silly placeDep ROOT entities@4.5.0 OK for: @vue/compiler-core@3.5.23 want: ^4.5.0
455 silly placeDep ROOT estree-walker@2.0.2 OK for: @vue/compiler-core@3.5.23 want: ^2.0.2
456 silly fetch manifest @babel/types@^7.28.5
457 silly packumentCache full:https://registry.npmmirror.com/@babel%2ftypes cache-miss
458 http fetch GET 200 https://registry.npmmirror.com/@babel%2ftypes 46ms (cache miss)
459 silly packumentCache full:https://registry.npmmirror.com/@babel%2ftypes set size:78637 disposed:false
460 silly placeDep ROOT @babel/types@7.28.5 OK for: @babel/parser@7.28.5 want: ^7.28.5
461 silly fetch manifest @babel/helper-string-parser@^7.27.1
462 silly packumentCache full:https://registry.npmmirror.com/@babel%2fhelper-string-parser cache-miss
463 silly fetch manifest @babel/helper-validator-identifier@^7.28.5
464 silly packumentCache full:https://registry.npmmirror.com/@babel%2fhelper-validator-identifier cache-miss
465 http fetch GET 200 https://registry.npmmirror.com/@babel%2fhelper-string-parser 45ms (cache miss)
466 silly packumentCache full:https://registry.npmmirror.com/@babel%2fhelper-string-parser set size:18235 disposed:false
467 http fetch GET 200 https://registry.npmmirror.com/@babel%2fhelper-validator-identifier 46ms (cache miss)
468 silly packumentCache full:https://registry.npmmirror.com/@babel%2fhelper-validator-identifier set size:22157 disposed:false
469 silly placeDep ROOT @babel/helper-string-parser@7.27.1 OK for: @babel/types@7.28.5 want: ^7.27.1
470 silly placeDep ROOT @babel/helper-validator-identifier@7.28.5 OK for: @babel/types@7.28.5 want: ^7.28.5
471 silly placeDep ROOT @vue/compiler-ssr@3.5.23 OK for: @vue/compiler-sfc@3.5.23 want: 3.5.23
472 silly placeDep ROOT magic-string@0.30.21 OK for: @vue/compiler-sfc@3.5.23 want: ^0.30.21
473 silly fetch manifest @jridgewell/sourcemap-codec@^1.5.5
474 silly packumentCache full:https://registry.npmmirror.com/@jridgewell%2fsourcemap-codec cache-miss
475 http fetch GET 200 https://registry.npmmirror.com/@jridgewell%2fsourcemap-codec 59ms (cache miss)
476 silly packumentCache full:https://registry.npmmirror.com/@jridgewell%2fsourcemap-codec set size:14577 disposed:false
477 silly placeDep ROOT @vue/reactivity@3.5.23 OK for: @vue/runtime-dom@3.5.23 want: 3.5.23
478 silly placeDep ROOT @vue/runtime-core@3.5.23 OK for: @vue/runtime-dom@3.5.23 want: 3.5.23
479 silly placeDep ROOT csstype@3.1.3 OK for: @vue/runtime-dom@3.5.23 want: ^3.1.3
480 silly placeDep ROOT @jridgewell/sourcemap-codec@1.5.5 OK for: magic-string@0.30.21 want: ^1.5.5
481 silly reify moves {}
482 silly audit bulk request {
482 silly audit   '@vitejs/plugin-vue': [ '6.0.1' ],
482 silly audit   vite: [ '7.2.1' ],
482 silly audit   vue: [ '3.5.23' ],
482 silly audit   '@rolldown/pluginutils': [ '1.0.0-beta.29' ],
482 silly audit   esbuild: [ '0.25.12' ],
482 silly audit   fdir: [ '6.5.0' ],
482 silly audit   fsevents: [ '2.3.3' ],
482 silly audit   picomatch: [ '4.0.3' ],
482 silly audit   postcss: [ '8.5.6' ],
482 silly audit   rollup: [ '4.52.5' ],
482 silly audit   tinyglobby: [ '0.2.15' ],
482 silly audit   '@esbuild/aix-ppc64': [ '0.25.12' ],
482 silly audit   '@esbuild/android-arm': [ '0.25.12' ],
482 silly audit   '@esbuild/android-arm64': [ '0.25.12' ],
482 silly audit   '@esbuild/android-x64': [ '0.25.12' ],
482 silly audit   '@esbuild/darwin-arm64': [ '0.25.12' ],
482 silly audit   '@esbuild/darwin-x64': [ '0.25.12' ],
482 silly audit   '@esbuild/freebsd-arm64': [ '0.25.12' ],
482 silly audit   '@esbuild/freebsd-x64': [ '0.25.12' ],
482 silly audit   '@esbuild/linux-arm': [ '0.25.12' ],
482 silly audit   '@esbuild/linux-arm64': [ '0.25.12' ],
482 silly audit   '@esbuild/linux-ia32': [ '0.25.12' ],
482 silly audit   '@esbuild/linux-loong64': [ '0.25.12' ],
482 silly audit   '@esbuild/linux-mips64el': [ '0.25.12' ],
482 silly audit   '@esbuild/linux-ppc64': [ '0.25.12' ],
482 silly audit   '@esbuild/linux-riscv64': [ '0.25.12' ],
482 silly audit   '@esbuild/linux-s390x': [ '0.25.12' ],
482 silly audit   '@esbuild/linux-x64': [ '0.25.12' ],
482 silly audit   '@esbuild/netbsd-arm64': [ '0.25.12' ],
482 silly audit   '@esbuild/netbsd-x64': [ '0.25.12' ],
482 silly audit   '@esbuild/openbsd-arm64': [ '0.25.12' ],
482 silly audit   '@esbuild/openbsd-x64': [ '0.25.12' ],
482 silly audit   '@esbuild/openharmony-arm64': [ '0.25.12' ],
482 silly audit   '@esbuild/sunos-x64': [ '0.25.12' ],
482 silly audit   '@esbuild/win32-arm64': [ '0.25.12' ],
482 silly audit   '@esbuild/win32-ia32': [ '0.25.12' ],
482 silly audit   '@esbuild/win32-x64': [ '0.25.12' ],
482 silly audit   nanoid: [ '3.3.11' ],
482 silly audit   picocolors: [ '1.1.1' ],
482 silly audit   'source-map-js': [ '1.2.1' ],
482 silly audit   '@rollup/rollup-android-arm-eabi': [ '4.52.5' ],
482 silly audit   '@rollup/rollup-android-arm64': [ '4.52.5' ],
482 silly audit   '@rollup/rollup-darwin-arm64': [ '4.52.5' ],
482 silly audit   '@rollup/rollup-darwin-x64': [ '4.52.5' ],
482 silly audit   '@rollup/rollup-freebsd-arm64': [ '4.52.5' ],
482 silly audit   '@rollup/rollup-freebsd-x64': [ '4.52.5' ],
482 silly audit   '@rollup/rollup-linux-arm-gnueabihf': [ '4.52.5' ],
482 silly audit   '@rollup/rollup-linux-arm-musleabihf': [ '4.52.5' ],
482 silly audit   '@rollup/rollup-linux-arm64-gnu': [ '4.52.5' ],
482 silly audit   '@rollup/rollup-linux-arm64-musl': [ '4.52.5' ],
482 silly audit   '@rollup/rollup-linux-loong64-gnu': [ '4.52.5' ],
482 silly audit   '@rollup/rollup-linux-ppc64-gnu': [ '4.52.5' ],
482 silly audit   '@rollup/rollup-linux-riscv64-gnu': [ '4.52.5' ],
482 silly audit   '@rollup/rollup-linux-riscv64-musl': [ '4.52.5' ],
482 silly audit   '@rollup/rollup-linux-s390x-gnu': [ '4.52.5' ],
482 silly audit   '@rollup/rollup-linux-x64-gnu': [ '4.52.5' ],
482 silly audit   '@rollup/rollup-linux-x64-musl': [ '4.52.5' ],
482 silly audit   '@rollup/rollup-openharmony-arm64': [ '4.52.5' ],
482 silly audit   '@rollup/rollup-win32-arm64-msvc': [ '4.52.5' ],
482 silly audit   '@rollup/rollup-win32-ia32-msvc': [ '4.52.5' ],
482 silly audit   '@rollup/rollup-win32-x64-gnu': [ '4.52.5' ],
482 silly audit   '@rollup/rollup-win32-x64-msvc': [ '4.52.5' ],
482 silly audit   '@types/estree': [ '1.0.8' ],
482 silly audit   '@vue/compiler-dom': [ '3.5.23' ],
482 silly audit   '@vue/compiler-sfc': [ '3.5.23' ],
482 silly audit   '@vue/runtime-dom': [ '3.5.23' ],
482 silly audit   '@vue/server-renderer': [ '3.5.23' ],
482 silly audit   '@vue/shared': [ '3.5.23' ],
482 silly audit   '@vue/compiler-core': [ '3.5.23' ],
482 silly audit   '@babel/parser': [ '7.28.5' ],
482 silly audit   entities: [ '4.5.0' ],
482 silly audit   'estree-walker': [ '2.0.2' ],
482 silly audit   '@babel/types': [ '7.28.5' ],
482 silly audit   '@babel/helper-string-parser': [ '7.27.1' ],
482 silly audit   '@babel/helper-validator-identifier': [ '7.28.5' ],
482 silly audit   '@vue/compiler-ssr': [ '3.5.23' ],
482 silly audit   'magic-string': [ '0.30.21' ],
482 silly audit   '@vue/reactivity': [ '3.5.23' ],
482 silly audit   '@vue/runtime-core': [ '3.5.23' ],
482 silly audit   csstype: [ '3.1.3' ],
482 silly audit   '@jridgewell/sourcemap-codec': [ '1.5.5' ]
482 silly audit }
483 verbose reify failed optional dependency /Users/guozigeng/Documents/Learning/Group Subject/Workspace/vue-frontend/node_modules/@rollup/rollup-win32-x64-msvc
484 silly reify mark deleted [
484 silly reify   '/Users/guozigeng/Documents/Learning/Group Subject/Workspace/vue-frontend/node_modules/@rollup/rollup-win32-x64-msvc'
484 silly reify ]
485 verbose reify failed optional dependency /Users/guozigeng/Documents/Learning/Group Subject/Workspace/vue-frontend/node_modules/@rollup/rollup-win32-x64-gnu
486 silly reify mark deleted [
486 silly reify   '/Users/guozigeng/Documents/Learning/Group Subject/Workspace/vue-frontend/node_modules/@rollup/rollup-win32-x64-gnu'
486 silly reify ]
487 verbose reify failed optional dependency /Users/guozigeng/Documents/Learning/Group Subject/Workspace/vue-frontend/node_modules/@rollup/rollup-win32-ia32-msvc
488 silly reify mark deleted [
488 silly reify   '/Users/guozigeng/Documents/Learning/Group Subject/Workspace/vue-frontend/node_modules/@rollup/rollup-win32-ia32-msvc'
488 silly reify ]
489 verbose reify failed optional dependency /Users/guozigeng/Documents/Learning/Group Subject/Workspace/vue-frontend/node_modules/@rollup/rollup-win32-arm64-msvc
490 silly reify mark deleted [
490 silly reify   '/Users/guozigeng/Documents/Learning/Group Subject/Workspace/vue-frontend/node_modules/@rollup/rollup-win32-arm64-msvc'
490 silly reify ]
491 verbose reify failed optional dependency /Users/guozigeng/Documents/Learning/Group Subject/Workspace/vue-frontend/node_modules/@rollup/rollup-openharmony-arm64
492 silly reify mark deleted [
492 silly reify   '/Users/guozigeng/Documents/Learning/Group Subject/Workspace/vue-frontend/node_modules/@rollup/rollup-openharmony-arm64'
492 silly reify ]
493 verbose reify failed optional dependency /Users/guozigeng/Documents/Learning/Group Subject/Workspace/vue-frontend/node_modules/@rollup/rollup-linux-x64-musl
494 silly reify mark deleted [
494 silly reify   '/Users/guozigeng/Documents/Learning/Group Subject/Workspace/vue-frontend/node_modules/@rollup/rollup-linux-x64-musl'
494 silly reify ]
495 verbose reify failed optional dependency /Users/guozigeng/Documents/Learning/Group Subject/Workspace/vue-frontend/node_modules/@rollup/rollup-linux-x64-gnu
496 silly reify mark deleted [
496 silly reify   '/Users/guozigeng/Documents/Learning/Group Subject/Workspace/vue-frontend/node_modules/@rollup/rollup-linux-x64-gnu'
496 silly reify ]
497 verbose reify failed optional dependency /Users/guozigeng/Documents/Learning/Group Subject/Workspace/vue-frontend/node_modules/@rollup/rollup-linux-s390x-gnu
498 silly reify mark deleted [
498 silly reify   '/Users/guozigeng/Documents/Learning/Group Subject/Workspace/vue-frontend/node_modules/@rollup/rollup-linux-s390x-gnu'
498 silly reify ]
499 verbose reify failed optional dependency /Users/guozigeng/Documents/Learning/Group Subject/Workspace/vue-frontend/node_modules/@rollup/rollup-linux-riscv64-musl
500 silly reify mark deleted [
500 silly reify   '/Users/guozigeng/Documents/Learning/Group Subject/Workspace/vue-frontend/node_modules/@rollup/rollup-linux-riscv64-musl'
500 silly reify ]
501 verbose reify failed optional dependency /Users/guozigeng/Documents/Learning/Group Subject/Workspace/vue-frontend/node_modules/@rollup/rollup-linux-riscv64-gnu
502 silly reify mark deleted [
502 silly reify   '/Users/guozigeng/Documents/Learning/Group Subject/Workspace/vue-frontend/node_modules/@rollup/rollup-linux-riscv64-gnu'
502 silly reify ]
503 verbose reify failed optional dependency /Users/guozigeng/Documents/Learning/Group Subject/Workspace/vue-frontend/node_modules/@rollup/rollup-linux-ppc64-gnu
504 silly reify mark deleted [
504 silly reify   '/Users/guozigeng/Documents/Learning/Group Subject/Workspace/vue-frontend/node_modules/@rollup/rollup-linux-ppc64-gnu'
504 silly reify ]
505 verbose reify failed optional dependency /Users/guozigeng/Documents/Learning/Group Subject/Workspace/vue-frontend/node_modules/@rollup/rollup-linux-loong64-gnu
506 silly reify mark deleted [
506 silly reify   '/Users/guozigeng/Documents/Learning/Group Subject/Workspace/vue-frontend/node_modules/@rollup/rollup-linux-loong64-gnu'
506 silly reify ]
507 verbose reify failed optional dependency /Users/guozigeng/Documents/Learning/Group Subject/Workspace/vue-frontend/node_modules/@rollup/rollup-linux-arm64-musl
508 silly reify mark deleted [
508 silly reify   '/Users/guozigeng/Documents/Learning/Group Subject/Workspace/vue-frontend/node_modules/@rollup/rollup-linux-arm64-musl'
508 silly reify ]
509 verbose reify failed optional dependency /Users/guozigeng/Documents/Learning/Group Subject/Workspace/vue-frontend/node_modules/@rollup/rollup-linux-arm64-gnu
510 silly reify mark deleted [
510 silly reify   '/Users/guozigeng/Documents/Learning/Group Subject/Workspace/vue-frontend/node_modules/@rollup/rollup-linux-arm64-gnu'
510 silly reify ]
511 verbose reify failed optional dependency /Users/guozigeng/Documents/Learning/Group Subject/Workspace/vue-frontend/node_modules/@rollup/rollup-linux-arm-musleabihf
512 silly reify mark deleted [
512 silly reify   '/Users/guozigeng/Documents/Learning/Group Subject/Workspace/vue-frontend/node_modules/@rollup/rollup-linux-arm-musleabihf'
512 silly reify ]
513 verbose reify failed optional dependency /Users/guozigeng/Documents/Learning/Group Subject/Workspace/vue-frontend/node_modules/@rollup/rollup-linux-arm-gnueabihf
514 silly reify mark deleted [
514 silly reify   '/Users/guozigeng/Documents/Learning/Group Subject/Workspace/vue-frontend/node_modules/@rollup/rollup-linux-arm-gnueabihf'
514 silly reify ]
515 verbose reify failed optional dependency /Users/guozigeng/Documents/Learning/Group Subject/Workspace/vue-frontend/node_modules/@rollup/rollup-freebsd-x64
516 silly reify mark deleted [
516 silly reify   '/Users/guozigeng/Documents/Learning/Group Subject/Workspace/vue-frontend/node_modules/@rollup/rollup-freebsd-x64'
516 silly reify ]
517 verbose reify failed optional dependency /Users/guozigeng/Documents/Learning/Group Subject/Workspace/vue-frontend/node_modules/@rollup/rollup-freebsd-arm64
518 silly reify mark deleted [
518 silly reify   '/Users/guozigeng/Documents/Learning/Group Subject/Workspace/vue-frontend/node_modules/@rollup/rollup-freebsd-arm64'
518 silly reify ]
519 verbose reify failed optional dependency /Users/guozigeng/Documents/Learning/Group Subject/Workspace/vue-frontend/node_modules/@rollup/rollup-darwin-x64
520 silly reify mark deleted [
520 silly reify   '/Users/guozigeng/Documents/Learning/Group Subject/Workspace/vue-frontend/node_modules/@rollup/rollup-darwin-x64'
520 silly reify ]
521 verbose reify failed optional dependency /Users/guozigeng/Documents/Learning/Group Subject/Workspace/vue-frontend/node_modules/@rollup/rollup-android-arm64
522 silly reify mark deleted [
522 silly reify   '/Users/guozigeng/Documents/Learning/Group Subject/Workspace/vue-frontend/node_modules/@rollup/rollup-android-arm64'
522 silly reify ]
523 verbose reify failed optional dependency /Users/guozigeng/Documents/Learning/Group Subject/Workspace/vue-frontend/node_modules/@rollup/rollup-android-arm-eabi
524 silly reify mark deleted [
524 silly reify   '/Users/guozigeng/Documents/Learning/Group Subject/Workspace/vue-frontend/node_modules/@rollup/rollup-android-arm-eabi'
524 silly reify ]
525 verbose reify failed optional dependency /Users/guozigeng/Documents/Learning/Group Subject/Workspace/vue-frontend/node_modules/@esbuild/win32-x64
526 silly reify mark deleted [
526 silly reify   '/Users/guozigeng/Documents/Learning/Group Subject/Workspace/vue-frontend/node_modules/@esbuild/win32-x64'
526 silly reify ]
527 verbose reify failed optional dependency /Users/guozigeng/Documents/Learning/Group Subject/Workspace/vue-frontend/node_modules/@esbuild/win32-ia32
528 silly reify mark deleted [
528 silly reify   '/Users/guozigeng/Documents/Learning/Group Subject/Workspace/vue-frontend/node_modules/@esbuild/win32-ia32'
528 silly reify ]
529 verbose reify failed optional dependency /Users/guozigeng/Documents/Learning/Group Subject/Workspace/vue-frontend/node_modules/@esbuild/win32-arm64
530 silly reify mark deleted [
530 silly reify   '/Users/guozigeng/Documents/Learning/Group Subject/Workspace/vue-frontend/node_modules/@esbuild/win32-arm64'
530 silly reify ]
531 verbose reify failed optional dependency /Users/guozigeng/Documents/Learning/Group Subject/Workspace/vue-frontend/node_modules/@esbuild/sunos-x64
532 silly reify mark deleted [
532 silly reify   '/Users/guozigeng/Documents/Learning/Group Subject/Workspace/vue-frontend/node_modules/@esbuild/sunos-x64'
532 silly reify ]
533 verbose reify failed optional dependency /Users/guozigeng/Documents/Learning/Group Subject/Workspace/vue-frontend/node_modules/@esbuild/openharmony-arm64
534 silly reify mark deleted [
534 silly reify   '/Users/guozigeng/Documents/Learning/Group Subject/Workspace/vue-frontend/node_modules/@esbuild/openharmony-arm64'
534 silly reify ]
535 verbose reify failed optional dependency /Users/guozigeng/Documents/Learning/Group Subject/Workspace/vue-frontend/node_modules/@esbuild/openbsd-x64
536 silly reify mark deleted [
536 silly reify   '/Users/guozigeng/Documents/Learning/Group Subject/Workspace/vue-frontend/node_modules/@esbuild/openbsd-x64'
536 silly reify ]
537 verbose reify failed optional dependency /Users/guozigeng/Documents/Learning/Group Subject/Workspace/vue-frontend/node_modules/@esbuild/openbsd-arm64
538 silly reify mark deleted [
538 silly reify   '/Users/guozigeng/Documents/Learning/Group Subject/Workspace/vue-frontend/node_modules/@esbuild/openbsd-arm64'
538 silly reify ]
539 verbose reify failed optional dependency /Users/guozigeng/Documents/Learning/Group Subject/Workspace/vue-frontend/node_modules/@esbuild/netbsd-x64
540 silly reify mark deleted [
540 silly reify   '/Users/guozigeng/Documents/Learning/Group Subject/Workspace/vue-frontend/node_modules/@esbuild/netbsd-x64'
540 silly reify ]
541 verbose reify failed optional dependency /Users/guozigeng/Documents/Learning/Group Subject/Workspace/vue-frontend/node_modules/@esbuild/netbsd-arm64
542 silly reify mark deleted [
542 silly reify   '/Users/guozigeng/Documents/Learning/Group Subject/Workspace/vue-frontend/node_modules/@esbuild/netbsd-arm64'
542 silly reify ]
543 verbose reify failed optional dependency /Users/guozigeng/Documents/Learning/Group Subject/Workspace/vue-frontend/node_modules/@esbuild/linux-x64
544 silly reify mark deleted [
544 silly reify   '/Users/guozigeng/Documents/Learning/Group Subject/Workspace/vue-frontend/node_modules/@esbuild/linux-x64'
544 silly reify ]
545 verbose reify failed optional dependency /Users/guozigeng/Documents/Learning/Group Subject/Workspace/vue-frontend/node_modules/@esbuild/linux-s390x
546 silly reify mark deleted [
546 silly reify   '/Users/guozigeng/Documents/Learning/Group Subject/Workspace/vue-frontend/node_modules/@esbuild/linux-s390x'
546 silly reify ]
547 verbose reify failed optional dependency /Users/guozigeng/Documents/Learning/Group Subject/Workspace/vue-frontend/node_modules/@esbuild/linux-riscv64
548 silly reify mark deleted [
548 silly reify   '/Users/guozigeng/Documents/Learning/Group Subject/Workspace/vue-frontend/node_modules/@esbuild/linux-riscv64'
548 silly reify ]
549 verbose reify failed optional dependency /Users/guozigeng/Documents/Learning/Group Subject/Workspace/vue-frontend/node_modules/@esbuild/linux-ppc64
550 silly reify mark deleted [
550 silly reify   '/Users/guozigeng/Documents/Learning/Group Subject/Workspace/vue-frontend/node_modules/@esbuild/linux-ppc64'
550 silly reify ]
551 verbose reify failed optional dependency /Users/guozigeng/Documents/Learning/Group Subject/Workspace/vue-frontend/node_modules/@esbuild/linux-mips64el
552 silly reify mark deleted [
552 silly reify   '/Users/guozigeng/Documents/Learning/Group Subject/Workspace/vue-frontend/node_modules/@esbuild/linux-mips64el'
552 silly reify ]
553 verbose reify failed optional dependency /Users/guozigeng/Documents/Learning/Group Subject/Workspace/vue-frontend/node_modules/@esbuild/linux-loong64
554 silly reify mark deleted [
554 silly reify   '/Users/guozigeng/Documents/Learning/Group Subject/Workspace/vue-frontend/node_modules/@esbuild/linux-loong64'
554 silly reify ]
555 verbose reify failed optional dependency /Users/guozigeng/Documents/Learning/Group Subject/Workspace/vue-frontend/node_modules/@esbuild/linux-ia32
556 silly reify mark deleted [
556 silly reify   '/Users/guozigeng/Documents/Learning/Group Subject/Workspace/vue-frontend/node_modules/@esbuild/linux-ia32'
556 silly reify ]
557 verbose reify failed optional dependency /Users/guozigeng/Documents/Learning/Group Subject/Workspace/vue-frontend/node_modules/@esbuild/linux-arm64
558 silly reify mark deleted [
558 silly reify   '/Users/guozigeng/Documents/Learning/Group Subject/Workspace/vue-frontend/node_modules/@esbuild/linux-arm64'
558 silly reify ]
559 verbose reify failed optional dependency /Users/guozigeng/Documents/Learning/Group Subject/Workspace/vue-frontend/node_modules/@esbuild/linux-arm
560 silly reify mark deleted [
560 silly reify   '/Users/guozigeng/Documents/Learning/Group Subject/Workspace/vue-frontend/node_modules/@esbuild/linux-arm'
560 silly reify ]
561 verbose reify failed optional dependency /Users/guozigeng/Documents/Learning/Group Subject/Workspace/vue-frontend/node_modules/@esbuild/freebsd-x64
562 silly reify mark deleted [
562 silly reify   '/Users/guozigeng/Documents/Learning/Group Subject/Workspace/vue-frontend/node_modules/@esbuild/freebsd-x64'
562 silly reify ]
563 verbose reify failed optional dependency /Users/guozigeng/Documents/Learning/Group Subject/Workspace/vue-frontend/node_modules/@esbuild/freebsd-arm64
564 silly reify mark deleted [
564 silly reify   '/Users/guozigeng/Documents/Learning/Group Subject/Workspace/vue-frontend/node_modules/@esbuild/freebsd-arm64'
564 silly reify ]
565 verbose reify failed optional dependency /Users/guozigeng/Documents/Learning/Group Subject/Workspace/vue-frontend/node_modules/@esbuild/darwin-x64
566 silly reify mark deleted [
566 silly reify   '/Users/guozigeng/Documents/Learning/Group Subject/Workspace/vue-frontend/node_modules/@esbuild/darwin-x64'
566 silly reify ]
567 verbose reify failed optional dependency /Users/guozigeng/Documents/Learning/Group Subject/Workspace/vue-frontend/node_modules/@esbuild/android-x64
568 silly reify mark deleted [
568 silly reify   '/Users/guozigeng/Documents/Learning/Group Subject/Workspace/vue-frontend/node_modules/@esbuild/android-x64'
568 silly reify ]
569 verbose reify failed optional dependency /Users/guozigeng/Documents/Learning/Group Subject/Workspace/vue-frontend/node_modules/@esbuild/android-arm64
570 silly reify mark deleted [
570 silly reify   '/Users/guozigeng/Documents/Learning/Group Subject/Workspace/vue-frontend/node_modules/@esbuild/android-arm64'
570 silly reify ]
571 verbose reify failed optional dependency /Users/guozigeng/Documents/Learning/Group Subject/Workspace/vue-frontend/node_modules/@esbuild/android-arm
572 silly reify mark deleted [
572 silly reify   '/Users/guozigeng/Documents/Learning/Group Subject/Workspace/vue-frontend/node_modules/@esbuild/android-arm'
572 silly reify ]
573 verbose reify failed optional dependency /Users/guozigeng/Documents/Learning/Group Subject/Workspace/vue-frontend/node_modules/@esbuild/aix-ppc64
574 silly reify mark deleted [
574 silly reify   '/Users/guozigeng/Documents/Learning/Group Subject/Workspace/vue-frontend/node_modules/@esbuild/aix-ppc64'
574 silly reify ]
575 http cache @jridgewell/sourcemap-codec@https://registry.npmmirror.com/@jridgewell/sourcemap-codec/-/sourcemap-codec-1.5.5.tgz 0ms (cache hit)
576 http cache @vue/runtime-core@https://registry.npmmirror.com/@vue/runtime-core/-/runtime-core-3.5.23.tgz 0ms (cache hit)
577 http cache @vue/reactivity@https://registry.npmmirror.com/@vue/reactivity/-/reactivity-3.5.23.tgz 0ms (cache hit)
578 http cache magic-string@https://registry.npmmirror.com/magic-string/-/magic-string-0.30.21.tgz 0ms (cache hit)
579 http cache @babel/helper-validator-identifier@https://registry.npmmirror.com/@babel/helper-validator-identifier/-/helper-validator-identifier-7.28.5.tgz 0ms (cache hit)
580 http cache @vue/compiler-ssr@https://registry.npmmirror.com/@vue/compiler-ssr/-/compiler-ssr-3.5.23.tgz 0ms (cache hit)
581 http cache @babel/helper-string-parser@https://registry.npmmirror.com/@babel/helper-string-parser/-/helper-string-parser-7.27.1.tgz 0ms (cache hit)
582 http cache @babel/types@https://registry.npmmirror.com/@babel/types/-/types-7.28.5.tgz 0ms (cache hit)
583 http cache estree-walker@https://registry.npmmirror.com/estree-walker/-/estree-walker-2.0.2.tgz 0ms (cache hit)
584 http cache @babel/parser@https://registry.npmmirror.com/@babel/parser/-/parser-7.28.5.tgz 0ms (cache hit)
585 http cache @vue/compiler-core@https://registry.npmmirror.com/@vue/compiler-core/-/compiler-core-3.5.23.tgz 0ms (cache hit)
586 http cache @vue/server-renderer@https://registry.npmmirror.com/@vue/server-renderer/-/server-renderer-3.5.23.tgz 0ms (cache hit)
587 http cache csstype@https://registry.npmmirror.com/csstype/-/csstype-3.1.3.tgz 0ms (cache hit)
588 http cache @vue/runtime-dom@https://registry.npmmirror.com/@vue/runtime-dom/-/runtime-dom-3.5.23.tgz 0ms (cache hit)
589 http cache @vue/shared@https://registry.npmmirror.com/@vue/shared/-/shared-3.5.23.tgz 0ms (cache hit)
590 http cache @vue/compiler-sfc@https://registry.npmmirror.com/@vue/compiler-sfc/-/compiler-sfc-3.5.23.tgz 0ms (cache hit)
591 http cache @vue/compiler-dom@https://registry.npmmirror.com/@vue/compiler-dom/-/compiler-dom-3.5.23.tgz 0ms (cache hit)
592 http cache source-map-js@https://registry.npmmirror.com/source-map-js/-/source-map-js-1.2.1.tgz 0ms (cache hit)
593 http cache @rollup/rollup-darwin-arm64@https://registry.npmmirror.com/@rollup/rollup-darwin-arm64/-/rollup-darwin-arm64-4.52.5.tgz 0ms (cache hit)
594 http cache @types/estree@https://registry.npmmirror.com/@types/estree/-/estree-1.0.8.tgz 0ms (cache hit)
595 http cache picocolors@https://registry.npmmirror.com/picocolors/-/picocolors-1.1.1.tgz 0ms (cache hit)
596 http cache nanoid@https://registry.npmmirror.com/nanoid/-/nanoid-3.3.11.tgz 0ms (cache hit)
597 http cache @esbuild/darwin-arm64@https://registry.npmmirror.com/@esbuild/darwin-arm64/-/darwin-arm64-0.25.12.tgz 0ms (cache hit)
598 http cache tinyglobby@https://registry.npmmirror.com/tinyglobby/-/tinyglobby-0.2.15.tgz 0ms (cache hit)
599 http cache rollup@https://registry.npmmirror.com/rollup/-/rollup-4.52.5.tgz 0ms (cache hit)
600 http cache postcss@https://registry.npmmirror.com/postcss/-/postcss-8.5.6.tgz 0ms (cache hit)
601 http cache fsevents@https://registry.npmmirror.com/fsevents/-/fsevents-2.3.3.tgz 0ms (cache hit)
602 http cache entities@https://registry.npmmirror.com/entities/-/entities-4.5.0.tgz 0ms (cache hit)
603 http cache esbuild@https://registry.npmmirror.com/esbuild/-/esbuild-0.25.12.tgz 0ms (cache hit)
604 http cache fdir@https://registry.npmmirror.com/fdir/-/fdir-6.5.0.tgz 0ms (cache hit)
605 http cache picomatch@https://registry.npmmirror.com/picomatch/-/picomatch-4.0.3.tgz 0ms (cache hit)
606 http cache @rolldown/pluginutils@https://registry.npmmirror.com/@rolldown/pluginutils/-/pluginutils-1.0.0-beta.29.tgz 0ms (cache hit)
607 http cache vue@https://registry.npmmirror.com/vue/-/vue-3.5.23.tgz 0ms (cache hit)
608 http cache vite@https://registry.npmmirror.com/vite/-/vite-7.2.1.tgz 0ms (cache hit)
609 http cache @vitejs/plugin-vue@https://registry.npmmirror.com/@vitejs/plugin-vue/-/plugin-vue-6.0.1.tgz 0ms (cache hit)
610 silly tarball no local data for @jridgewell/sourcemap-codec@https://registry.npmmirror.com/@jridgewell/sourcemap-codec/-/sourcemap-codec-1.5.5.tgz. Extracting by manifest.
611 silly tarball no local data for @vue/runtime-core@https://registry.npmmirror.com/@vue/runtime-core/-/runtime-core-3.5.23.tgz. Extracting by manifest.
612 silly tarball no local data for @vue/reactivity@https://registry.npmmirror.com/@vue/reactivity/-/reactivity-3.5.23.tgz. Extracting by manifest.
613 silly tarball no local data for magic-string@https://registry.npmmirror.com/magic-string/-/magic-string-0.30.21.tgz. Extracting by manifest.
614 silly tarball no local data for @babel/helper-validator-identifier@https://registry.npmmirror.com/@babel/helper-validator-identifier/-/helper-validator-identifier-7.28.5.tgz. Extracting by manifest.
615 silly tarball no local data for @vue/compiler-ssr@https://registry.npmmirror.com/@vue/compiler-ssr/-/compiler-ssr-3.5.23.tgz. Extracting by manifest.
616 silly tarball no local data for @babel/helper-string-parser@https://registry.npmmirror.com/@babel/helper-string-parser/-/helper-string-parser-7.27.1.tgz. Extracting by manifest.
617 silly tarball no local data for @babel/types@https://registry.npmmirror.com/@babel/types/-/types-7.28.5.tgz. Extracting by manifest.
618 silly tarball no local data for estree-walker@https://registry.npmmirror.com/estree-walker/-/estree-walker-2.0.2.tgz. Extracting by manifest.
619 silly tarball no local data for @babel/parser@https://registry.npmmirror.com/@babel/parser/-/parser-7.28.5.tgz. Extracting by manifest.
620 silly tarball no local data for @vue/compiler-core@https://registry.npmmirror.com/@vue/compiler-core/-/compiler-core-3.5.23.tgz. Extracting by manifest.
621 silly tarball no local data for @vue/server-renderer@https://registry.npmmirror.com/@vue/server-renderer/-/server-renderer-3.5.23.tgz. Extracting by manifest.
622 silly tarball no local data for csstype@https://registry.npmmirror.com/csstype/-/csstype-3.1.3.tgz. Extracting by manifest.
623 silly tarball no local data for @vue/runtime-dom@https://registry.npmmirror.com/@vue/runtime-dom/-/runtime-dom-3.5.23.tgz. Extracting by manifest.
624 silly tarball no local data for @vue/shared@https://registry.npmmirror.com/@vue/shared/-/shared-3.5.23.tgz. Extracting by manifest.
625 silly tarball no local data for @vue/compiler-sfc@https://registry.npmmirror.com/@vue/compiler-sfc/-/compiler-sfc-3.5.23.tgz. Extracting by manifest.
626 silly tarball no local data for @vue/compiler-dom@https://registry.npmmirror.com/@vue/compiler-dom/-/compiler-dom-3.5.23.tgz. Extracting by manifest.
627 silly tarball no local data for source-map-js@https://registry.npmmirror.com/source-map-js/-/source-map-js-1.2.1.tgz. Extracting by manifest.
628 silly tarball no local data for @rollup/rollup-darwin-arm64@https://registry.npmmirror.com/@rollup/rollup-darwin-arm64/-/rollup-darwin-arm64-4.52.5.tgz. Extracting by manifest.
629 silly tarball no local data for @types/estree@https://registry.npmmirror.com/@types/estree/-/estree-1.0.8.tgz. Extracting by manifest.
630 silly tarball no local data for picocolors@https://registry.npmmirror.com/picocolors/-/picocolors-1.1.1.tgz. Extracting by manifest.
631 silly tarball no local data for nanoid@https://registry.npmmirror.com/nanoid/-/nanoid-3.3.11.tgz. Extracting by manifest.
632 silly tarball no local data for @esbuild/darwin-arm64@https://registry.npmmirror.com/@esbuild/darwin-arm64/-/darwin-arm64-0.25.12.tgz. Extracting by manifest.
633 silly tarball no local data for tinyglobby@https://registry.npmmirror.com/tinyglobby/-/tinyglobby-0.2.15.tgz. Extracting by manifest.
634 silly tarball no local data for rollup@https://registry.npmmirror.com/rollup/-/rollup-4.52.5.tgz. Extracting by manifest.
635 silly tarball no local data for postcss@https://registry.npmmirror.com/postcss/-/postcss-8.5.6.tgz. Extracting by manifest.
636 silly tarball no local data for fsevents@https://registry.npmmirror.com/fsevents/-/fsevents-2.3.3.tgz. Extracting by manifest.
637 silly tarball no local data for entities@https://registry.npmmirror.com/entities/-/entities-4.5.0.tgz. Extracting by manifest.
638 silly tarball no local data for esbuild@https://registry.npmmirror.com/esbuild/-/esbuild-0.25.12.tgz. Extracting by manifest.
639 silly tarball no local data for fdir@https://registry.npmmirror.com/fdir/-/fdir-6.5.0.tgz. Extracting by manifest.
640 silly tarball no local data for picomatch@https://registry.npmmirror.com/picomatch/-/picomatch-4.0.3.tgz. Extracting by manifest.
641 silly tarball no local data for @rolldown/pluginutils@https://registry.npmmirror.com/@rolldown/pluginutils/-/pluginutils-1.0.0-beta.29.tgz. Extracting by manifest.
642 silly tarball no local data for vue@https://registry.npmmirror.com/vue/-/vue-3.5.23.tgz. Extracting by manifest.
643 silly tarball no local data for vite@https://registry.npmmirror.com/vite/-/vite-7.2.1.tgz. Extracting by manifest.
644 silly tarball no local data for @vitejs/plugin-vue@https://registry.npmmirror.com/@vitejs/plugin-vue/-/plugin-vue-6.0.1.tgz. Extracting by manifest.
645 http fetch POST 404 https://registry.npmmirror.com/-/npm/v1/security/advisories/bulk 46ms
646 silly audit bulk request failed [object Object]
647 http fetch POST 404 https://registry.npmmirror.com/-/npm/v1/security/audits/quick 211ms
648 verbose audit error HttpErrorGeneral: 404 Not Found - POST https://registry.npmmirror.com/-/npm/v1/security/audits/quick - [NOT_IMPLEMENTED] /-/npm/v1/security/* not implemented yet
648 verbose audit error     at /opt/homebrew/lib/node_modules/npm/node_modules/npm-registry-fetch/lib/check-response.js:103:15
648 verbose audit error     at process.processTicksAndRejections (node:internal/process/task_queues:105:5)
648 verbose audit error     at async [getReport] (/opt/homebrew/lib/node_modules/npm/node_modules/@npmcli/arborist/lib/audit-report.js:336:21)
648 verbose audit error     at async AuditReport.run (/opt/homebrew/lib/node_modules/npm/node_modules/@npmcli/arborist/lib/audit-report.js:106:19) {
648 verbose audit error   headers: [Object: null prototype] {
648 verbose audit error     server: [ 'Tengine' ],
648 verbose audit error     date: [ 'Thu, 06 Nov 2025 13:54:38 GMT' ],
648 verbose audit error     'content-type': [ 'application/json' ],
648 verbose audit error     'transfer-encoding': [ 'chunked' ],
648 verbose audit error     connection: [ 'keep-alive' ],
648 verbose audit error     'strict-transport-security': [ 'max-age=5184000' ],
648 verbose audit error     via: [ 'kunlun2.cn7971[,404666]' ],
648 verbose audit error     'timing-allow-origin': [ '*' ],
648 verbose audit error     eagleid: [ '7ae4d61617624372788383734e' ],
648 verbose audit error     'x-fetch-attempts': [ '1' ]
648 verbose audit error   },
648 verbose audit error   statusCode: 404,
648 verbose audit error   code: 'E404',
648 verbose audit error   method: 'POST',
648 verbose audit error   uri: 'https://registry.npmmirror.com/-/npm/v1/security/audits/quick',
648 verbose audit error   body: {
648 verbose audit error     error: '[NOT_IMPLEMENTED] /-/npm/v1/security/* not implemented yet'
648 verbose audit error   },
648 verbose audit error   pkgid: undefined
648 verbose audit error }
649 silly audit error [object Object]
650 silly audit report null
651 http fetch GET 200 https://cdn.npmmirror.com/packages/%40types/estree/1.0.8/estree-1.0.8.tgz 360ms (cache miss)
652 http fetch GET 200 https://cdn.npmmirror.com/packages/%40babel/helper-string-parser/7.27.1/helper-string-parser-7.27.1.tgz 361ms (cache miss)
653 http fetch GET 200 https://cdn.npmmirror.com/packages/%40babel/helper-validator-identifier/7.28.5/helper-validator-identifier-7.28.5.tgz 361ms (cache miss)
654 http fetch GET 200 https://cdn.npmmirror.com/packages/%40vue/compiler-ssr/3.5.23/compiler-ssr-3.5.23.tgz 362ms (cache miss)
655 http fetch GET 200 https://cdn.npmmirror.com/packages/%40vue/shared/3.5.23/shared-3.5.23.tgz 363ms (cache miss)
656 http fetch GET 200 https://cdn.npmmirror.com/packages/source-map-js/1.2.1/source-map-js-1.2.1.tgz 363ms (cache miss)
657 http fetch GET 200 https://cdn.npmmirror.com/packages/%40jridgewell/sourcemap-codec/1.5.5/sourcemap-codec-1.5.5.tgz 366ms (cache miss)
658 http fetch GET 200 https://cdn.npmmirror.com/packages/nanoid/3.3.11/nanoid-3.3.11.tgz 364ms (cache miss)
659 http fetch GET 200 https://cdn.npmmirror.com/packages/tinyglobby/0.2.15/tinyglobby-0.2.15.tgz 384ms (cache miss)
660 http fetch GET 200 https://cdn.npmmirror.com/packages/picocolors/1.1.1/picocolors-1.1.1.tgz 401ms (cache miss)
661 http fetch GET 200 https://cdn.npmmirror.com/packages/%40vue/reactivity/3.5.23/reactivity-3.5.23.tgz 427ms (cache miss)
662 http fetch GET 200 https://cdn.npmmirror.com/packages/%40vue/compiler-core/3.5.23/compiler-core-3.5.23.tgz 439ms (cache miss)
663 http fetch GET 200 https://cdn.npmmirror.com/packages/magic-string/0.30.21/magic-string-0.30.21.tgz 451ms (cache miss)
664 http fetch GET 200 https://cdn.npmmirror.com/packages/%40vue/runtime-core/3.5.23/runtime-core-3.5.23.tgz 476ms (cache miss)
665 http fetch GET 200 https://cdn.npmmirror.com/packages/%40vue/compiler-dom/3.5.23/compiler-dom-3.5.23.tgz 476ms (cache miss)
666 http fetch GET 200 https://cdn.npmmirror.com/packages/%40vue/server-renderer/3.5.23/server-renderer-3.5.23.tgz 476ms (cache miss)
667 http fetch GET 200 https://cdn.npmmirror.com/packages/estree-walker/2.0.2/estree-walker-2.0.2.tgz 483ms (cache miss)
668 http fetch GET 200 https://cdn.npmmirror.com/packages/postcss/8.5.6/postcss-8.5.6.tgz 489ms (cache miss)
669 http fetch GET 200 https://cdn.npmmirror.com/packages/%40vue/compiler-sfc/3.5.23/compiler-sfc-3.5.23.tgz 496ms (cache miss)
670 http fetch GET 200 https://cdn.npmmirror.com/packages/csstype/3.1.3/csstype-3.1.3.tgz 503ms (cache miss)
671 http fetch GET 200 https://cdn.npmmirror.com/packages/fsevents/2.3.3/fsevents-2.3.3.tgz 508ms (cache miss)
672 http fetch GET 200 https://cdn.npmmirror.com/packages/fdir/6.5.0/fdir-6.5.0.tgz 508ms (cache miss)
673 http fetch GET 200 https://cdn.npmmirror.com/packages/esbuild/0.25.12/esbuild-0.25.12.tgz 512ms (cache miss)
674 http fetch GET 200 https://cdn.npmmirror.com/packages/%40babel/types/7.28.5/types-7.28.5.tgz 515ms (cache miss)
675 http fetch GET 200 https://cdn.npmmirror.com/packages/%40rolldown/pluginutils/1.0.0-beta.29/pluginutils-1.0.0-beta.29.tgz 520ms (cache miss)
676 http fetch GET 200 https://cdn.npmmirror.com/packages/picomatch/4.0.3/picomatch-4.0.3.tgz 524ms (cache miss)
677 http fetch GET 200 https://cdn.npmmirror.com/packages/entities/4.5.0/entities-4.5.0.tgz 543ms (cache miss)
678 http fetch GET 200 https://cdn.npmmirror.com/packages/%40vitejs/plugin-vue/6.0.1/plugin-vue-6.0.1.tgz 560ms (cache miss)
679 http fetch GET 200 https://cdn.npmmirror.com/packages/%40vue/runtime-dom/3.5.23/runtime-dom-3.5.23.tgz 570ms (cache miss)
680 http fetch GET 200 https://cdn.npmmirror.com/packages/%40rollup/rollup-darwin-arm64/4.52.5/rollup-darwin-arm64-4.52.5.tgz 589ms (cache miss)
681 http fetch GET 200 https://cdn.npmmirror.com/packages/%40babel/parser/7.28.5/parser-7.28.5.tgz 653ms (cache miss)
682 http fetch GET 200 https://cdn.npmmirror.com/packages/vue/3.5.23/vue-3.5.23.tgz 714ms (cache miss)
683 http fetch GET 200 https://cdn.npmmirror.com/packages/rollup/4.52.5/rollup-4.52.5.tgz 757ms (cache miss)
684 http fetch GET 200 https://cdn.npmmirror.com/packages/vite/7.2.1/vite-7.2.1.tgz 797ms (cache miss)
685 http fetch GET 200 https://cdn.npmmirror.com/packages/%40esbuild/darwin-arm64/0.25.12/darwin-arm64-0.25.12.tgz 1704ms (cache miss)
686 info run fsevents@2.3.3 install node_modules/fsevents node-gyp rebuild
687 info run fsevents@2.3.3 install { code: 1, signal: null }
688 verbose reify failed optional dependency /Users/guozigeng/Documents/Learning/Group Subject/Workspace/vue-frontend/node_modules/fsevents
689 silly reify mark deleted [
689 silly reify   '/Users/guozigeng/Documents/Learning/Group Subject/Workspace/vue-frontend/node_modules/fsevents'
689 silly reify ]
690 info run esbuild@0.25.12 postinstall node_modules/esbuild node install.js
691 info run esbuild@0.25.12 postinstall { code: 0, signal: null }
692 silly ADD node_modules/@jridgewell/sourcemap-codec
693 silly ADD node_modules/csstype
694 silly ADD node_modules/@vue/runtime-core
695 silly ADD node_modules/@vue/reactivity
696 silly ADD node_modules/magic-string
697 silly ADD node_modules/@vue/compiler-ssr
698 silly ADD node_modules/@babel/helper-validator-identifier
699 silly ADD node_modules/@babel/helper-string-parser
700 silly ADD node_modules/@babel/types
701 silly ADD node_modules/estree-walker
702 silly ADD node_modules/entities
703 silly ADD node_modules/@babel/parser
704 silly ADD node_modules/@vue/compiler-core
705 silly ADD node_modules/@vue/shared
706 silly ADD node_modules/@vue/server-renderer
707 silly ADD node_modules/@vue/runtime-dom
708 silly ADD node_modules/@vue/compiler-sfc
709 silly ADD node_modules/@vue/compiler-dom
710 silly ADD node_modules/@types/estree
711 silly ADD
712 silly ADD
713 silly ADD
714 silly ADD
715 silly ADD
716 silly ADD
717 silly ADD
718 silly ADD
719 silly ADD
720 silly ADD
721 silly ADD
722 silly ADD
723 silly ADD
724 silly ADD
725 silly ADD
726 silly ADD
727 silly ADD
728 silly ADD
729 silly ADD
730 silly ADD node_modules/@rollup/rollup-darwin-arm64
731 silly ADD
732 silly ADD
733 silly ADD node_modules/source-map-js
734 silly ADD node_modules/picocolors
735 silly ADD node_modules/nanoid
736 silly ADD
737 silly ADD
738 silly ADD
739 silly ADD
740 silly ADD
741 silly ADD
742 silly ADD
743 silly ADD
744 silly ADD
745 silly ADD
746 silly ADD
747 silly ADD
748 silly ADD
749 silly ADD
750 silly ADD
751 silly ADD
752 silly ADD
753 silly ADD
754 silly ADD
755 silly ADD
756 silly ADD
757 silly ADD node_modules/@esbuild/darwin-arm64
758 silly ADD
759 silly ADD
760 silly ADD
761 silly ADD
762 silly ADD node_modules/tinyglobby
763 silly ADD node_modules/rollup
764 silly ADD node_modules/postcss
765 silly ADD node_modules/picomatch
766 silly ADD
767 silly ADD node_modules/fdir
768 silly ADD node_modules/esbuild
769 silly ADD node_modules/@rolldown/pluginutils
770 silly ADD node_modules/vue
771 silly ADD node_modules/vite
772 silly ADD node_modules/@vitejs/plugin-vue
773 verbose cwd /Users/guozigeng/Documents/Learning/Group Subject/Workspace/vue-frontend
774 verbose os Darwin 24.3.0
775 verbose node v23.9.0
776 verbose npm  v10.9.2
777 verbose exit 0
778 info ok
