0 verbose cli /opt/homebrew/Cellar/node/23.9.0/bin/node /opt/homebrew/bin/npm
1 info using npm@10.9.2
2 info using node@v23.9.0
3 silly config load:file:/opt/homebrew/lib/node_modules/npm/npmrc
4 silly config load:file:/Users/guozigeng/.npmrc
5 silly config load:file:/opt/homebrew/etc/npmrc
6 verbose title npm create vite@latest vue-frontend --template vue
7 verbose argv "create" "vite@latest" "vue-frontend" "--" "--template" "vue"
8 verbose logfile logs-max:10 dir:/Users/guozigeng/Documents/Learning/Group Subject/Workspace/.npm-cache/_logs/2025-11-06T13_55_44_373Z-
9 verbose logfile /Users/guozigeng/Documents/Learning/Group Subject/Workspace/.npm-cache/_logs/2025-11-06T13_55_44_373Z-debug-0.log
10 silly logfile done cleaning log files
11 silly packumentCache heap:4345298944 maxSize:1086324736 maxEntrySize:543162368
12 http fetch GET 200 https://registry.npmmirror.com/create-vite 264ms (cache miss)
13 silly packumentCache heap:4345298944 maxSize:1086324736 maxEntrySize:543162368
14 warn exec The following package was not found and will be installed: create-vite@8.0.2
15 silly idealTree buildDeps
16 silly fetch manifest create-vite@8.0.2
17 silly packumentCache full:https://registry.npmmirror.com/create-vite cache-miss
18 http fetch GET 200 https://registry.npmmirror.com/npm 333ms
19 http fetch GET 200 https://registry.npmmirror.com/create-vite 119ms (cache miss)
20 silly packumentCache full:https://registry.npmmirror.com/create-vite set size:54189 disposed:false
21 silly placeDep ROOT create-vite@8.0.2 OK for:  want: 8.0.2
22 silly reify moves {}
23 silly audit bulk request { 'create-vite': [ '8.0.2' ] }
24 http cache create-vite@https://registry.npmmirror.com/create-vite/-/create-vite-8.0.2.tgz 0ms (cache hit)
25 silly tarball no local data for create-vite@https://registry.npmmirror.com/create-vite/-/create-vite-8.0.2.tgz. Extracting by manifest.
26 http fetch POST 404 https://registry.npmmirror.com/-/npm/v1/security/advisories/bulk 44ms
27 silly audit bulk request failed [object Object]
28 http fetch POST 404 https://registry.npmmirror.com/-/npm/v1/security/audits/quick 45ms
29 verbose audit error HttpErrorGeneral: 404 Not Found - POST https://registry.npmmirror.com/-/npm/v1/security/audits/quick - [NOT_IMPLEMENTED] /-/npm/v1/security/* not implemented yet
29 verbose audit error     at /opt/homebrew/lib/node_modules/npm/node_modules/npm-registry-fetch/lib/check-response.js:103:15
29 verbose audit error     at process.processTicksAndRejections (node:internal/process/task_queues:105:5)
29 verbose audit error     at async [getReport] (/opt/homebrew/lib/node_modules/npm/node_modules/@npmcli/arborist/lib/audit-report.js:336:21)
29 verbose audit error     at async AuditReport.run (/opt/homebrew/lib/node_modules/npm/node_modules/@npmcli/arborist/lib/audit-report.js:106:19) {
29 verbose audit error   headers: [Object: null prototype] {
29 verbose audit error     server: [ 'Tengine' ],
29 verbose audit error     date: [ 'Thu, 06 Nov 2025 13:54:34 GMT' ],
29 verbose audit error     'content-type': [ 'application/json' ],
29 verbose audit error     'transfer-encoding': [ 'chunked' ],
29 verbose audit error     connection: [ 'keep-alive' ],
29 verbose audit error     'strict-transport-security': [ 'max-age=5184000' ],
29 verbose audit error     via: [ 'kunlun8.cn7971[,404666]' ],
29 verbose audit error     'timing-allow-origin': [ '*' ],
29 verbose audit error     eagleid: [ '7ae4d61c17624372741493543e' ],
29 verbose audit error     'x-fetch-attempts': [ '1' ]
29 verbose audit error   },
29 verbose audit error   statusCode: 404,
29 verbose audit error   code: 'E404',
29 verbose audit error   method: 'POST',
29 verbose audit error   uri: 'https://registry.npmmirror.com/-/npm/v1/security/audits/quick',
29 verbose audit error   body: {
29 verbose audit error     error: '[NOT_IMPLEMENTED] /-/npm/v1/security/* not implemented yet'
29 verbose audit error   },
29 verbose audit error   pkgid: undefined
29 verbose audit error }
30 silly audit error [object Object]
31 silly audit report null
32 warn tar TAR_ENTRY_ERROR ENOENT: no such file or directory, lstat '/Users/guozigeng/Documents/Learning/Group Subject/Workspace/.npm-cache/_npx/1415fee72ff6294b/node_modules/create-vite/template-svelte-ts/.vscode'
33 silly tar TAR_ENTRY_ERROR ENOENT: no such file or directory, lstat '/Users/guozigeng/Documents/Learning/Group Subject/Workspace/.npm-cache/_npx/1415fee72ff6294b/node_modules/create-vite/template-svelte-ts/.vscode' [Error: ENOENT: no such file or directory, lstat '/Users/guozigeng/Documents/Learning/Group Subject/Workspace/.npm-cache/_npx/1415fee72ff6294b/node_modules/create-vite/template-svelte-ts/.vscode'] {
33 silly tar   errno: -2,
33 silly tar   code: 'ENOENT',
33 silly tar   syscall: 'lstat',
33 silly tar   path: '/Users/guozigeng/Documents/Learning/Group Subject/Workspace/.npm-cache/_npx/1415fee72ff6294b/node_modules/create-vite/template-svelte-ts/.vscode',
33 silly tar   entry: ReadEntry {
33 silly tar     _events: [Object: null prototype] { end: [Function (anonymous)] },
33 silly tar     _eventsCount: 1,
33 silly tar     _maxListeners: undefined,
33 silly tar     writable: false,
33 silly tar     readable: true,
33 silly tar     extended: null,
33 silly tar     globalExtended: null,
33 silly tar     header: Header {
33 silly tar       cksumValid: true,
33 silly tar       needPax: false,
33 silly tar       nullBlock: false,
33 silly tar       block: null,
33 silly tar       path: 'package/template-svelte-ts/.vscode/extensions.json',
33 silly tar       mode: 420,
33 silly tar       uid: 0,
33 silly tar       gid: 0,
33 silly tar       size: 50,
33 silly tar       mtime: 1985-10-26T08:15:00.000Z,
33 silly tar       cksum: 8712,
33 silly tar       linkpath: '',
33 silly tar       uname: '',
33 silly tar       gname: '',
33 silly tar       devmaj: 0,
33 silly tar       devmin: 0,
33 silly tar       atime: null,
33 silly tar       ctime: null,
33 silly tar       [Symbol(type)]: '0'
33 silly tar     },
33 silly tar     startBlockSize: 512,
33 silly tar     blockRemain: 0,
33 silly tar     remain: 0,
33 silly tar     type: 'File',
33 silly tar     meta: false,
33 silly tar     ignore: false,
33 silly tar     path: 'template-svelte-ts/.vscode/extensions.json',
33 silly tar     mode: 438,
33 silly tar     uid: 0,
33 silly tar     gid: 0,
33 silly tar     uname: '',
33 silly tar     gname: '',
33 silly tar     size: 50,
33 silly tar     mtime: 1985-10-26T08:15:00.000Z,
33 silly tar     atime: null,
33 silly tar     ctime: null,
33 silly tar     linkpath: '',
33 silly tar     absolute: '/Users/guozigeng/Documents/Learning/Group Subject/Workspace/.npm-cache/_npx/1415fee72ff6294b/node_modules/create-vite/template-svelte-ts/.vscode/extensions.json',
33 silly tar     [Symbol(shapeMode)]: false,
33 silly tar     [Symbol(kCapture)]: false,
33 silly tar     [Symbol(flowing)]: false,
33 silly tar     [Symbol(paused)]: true,
33 silly tar     [Symbol(pipes)]: [],
33 silly tar     [Symbol(buffer)]: [
33 silly tar       <Buffer 7b 0a 20 20 22 72 65 63 6f 6d 6d 65 6e 64 61 74 69 6f 6e 73 22 3a 20 5b 22 73 76 65 6c 74 65 2e 73 76 65 6c 74 65 2d 76 73 63 6f 64 65 22 5d 0a 7d 0a>
33 silly tar     ],
33 silly tar     [Symbol(objectMode)]: false,
33 silly tar     [Symbol(encoding)]: null,
33 silly tar     [Symbol(async)]: false,
33 silly tar     [Symbol(decoder)]: null,
33 silly tar     [Symbol(EOF)]: true,
33 silly tar     [Symbol(emittedEnd)]: false,
33 silly tar     [Symbol(emittingEnd)]: false,
33 silly tar     [Symbol(closed)]: false,
33 silly tar     [Symbol(emittedError)]: null,
33 silly tar     [Symbol(bufferLength)]: 50,
33 silly tar     [Symbol(destroyed)]: false,
33 silly tar     [Symbol(signal)]: undefined,
33 silly tar     [Symbol(aborted)]: false
33 silly tar   },
33 silly tar   cwd: '/Users/guozigeng/Documents/Learning/Group Subject/Workspace/.npm-cache/_npx/1415fee72ff6294b/node_modules/create-vite',
33 silly tar   tarCode: 'TAR_ENTRY_ERROR'
33 silly tar }
34 warn tar TAR_ENTRY_ERROR ENOENT: no such file or directory, lstat '/Users/guozigeng/Documents/Learning/Group Subject/Workspace/.npm-cache/_npx/1415fee72ff6294b/node_modules/create-vite/template-svelte/.vscode'
35 silly tar TAR_ENTRY_ERROR ENOENT: no such file or directory, lstat '/Users/guozigeng/Documents/Learning/Group Subject/Workspace/.npm-cache/_npx/1415fee72ff6294b/node_modules/create-vite/template-svelte/.vscode' [Error: ENOENT: no such file or directory, lstat '/Users/guozigeng/Documents/Learning/Group Subject/Workspace/.npm-cache/_npx/1415fee72ff6294b/node_modules/create-vite/template-svelte/.vscode'] {
35 silly tar   errno: -2,
35 silly tar   code: 'ENOENT',
35 silly tar   syscall: 'lstat',
35 silly tar   path: '/Users/guozigeng/Documents/Learning/Group Subject/Workspace/.npm-cache/_npx/1415fee72ff6294b/node_modules/create-vite/template-svelte/.vscode',
35 silly tar   entry: ReadEntry {
35 silly tar     _events: [Object: null prototype] { end: [Function (anonymous)] },
35 silly tar     _eventsCount: 1,
35 silly tar     _maxListeners: undefined,
35 silly tar     writable: false,
35 silly tar     readable: true,
35 silly tar     extended: null,
35 silly tar     globalExtended: null,
35 silly tar     header: Header {
35 silly tar       cksumValid: true,
35 silly tar       needPax: false,
35 silly tar       nullBlock: false,
35 silly tar       block: null,
35 silly tar       path: 'package/template-svelte/.vscode/extensions.json',
35 silly tar       mode: 420,
35 silly tar       uid: 0,
35 silly tar       gid: 0,
35 silly tar       size: 50,
35 silly tar       mtime: 1985-10-26T08:15:00.000Z,
35 silly tar       cksum: 8436,
35 silly tar       linkpath: '',
35 silly tar       uname: '',
35 silly tar       gname: '',
35 silly tar       devmaj: 0,
35 silly tar       devmin: 0,
35 silly tar       atime: null,
35 silly tar       ctime: null,
35 silly tar       [Symbol(type)]: '0'
35 silly tar     },
35 silly tar     startBlockSize: 512,
35 silly tar     blockRemain: 0,
35 silly tar     remain: 0,
35 silly tar     type: 'File',
35 silly tar     meta: false,
35 silly tar     ignore: false,
35 silly tar     path: 'template-svelte/.vscode/extensions.json',
35 silly tar     mode: 438,
35 silly tar     uid: 0,
35 silly tar     gid: 0,
35 silly tar     uname: '',
35 silly tar     gname: '',
35 silly tar     size: 50,
35 silly tar     mtime: 1985-10-26T08:15:00.000Z,
35 silly tar     atime: null,
35 silly tar     ctime: null,
35 silly tar     linkpath: '',
35 silly tar     absolute: '/Users/guozigeng/Documents/Learning/Group Subject/Workspace/.npm-cache/_npx/1415fee72ff6294b/node_modules/create-vite/template-svelte/.vscode/extensions.json',
35 silly tar     [Symbol(shapeMode)]: false,
35 silly tar     [Symbol(kCapture)]: false,
35 silly tar     [Symbol(flowing)]: false,
35 silly tar     [Symbol(paused)]: true,
35 silly tar     [Symbol(pipes)]: [],
35 silly tar     [Symbol(buffer)]: [
35 silly tar       <Buffer 7b 0a 20 20 22 72 65 63 6f 6d 6d 65 6e 64 61 74 69 6f 6e 73 22 3a 20 5b 22 73 76 65 6c 74 65 2e 73 76 65 6c 74 65 2d 76 73 63 6f 64 65 22 5d 0a 7d 0a>
35 silly tar     ],
35 silly tar     [Symbol(objectMode)]: false,
35 silly tar     [Symbol(encoding)]: null,
35 silly tar     [Symbol(async)]: false,
35 silly tar     [Symbol(decoder)]: null,
35 silly tar     [Symbol(EOF)]: true,
35 silly tar     [Symbol(emittedEnd)]: false,
35 silly tar     [Symbol(emittingEnd)]: false,
35 silly tar     [Symbol(closed)]: false,
35 silly tar     [Symbol(emittedError)]: null,
35 silly tar     [Symbol(bufferLength)]: 50,
35 silly tar     [Symbol(destroyed)]: false,
35 silly tar     [Symbol(signal)]: undefined,
35 silly tar     [Symbol(aborted)]: false
35 silly tar   },
35 silly tar   cwd: '/Users/guozigeng/Documents/Learning/Group Subject/Workspace/.npm-cache/_npx/1415fee72ff6294b/node_modules/create-vite',
35 silly tar   tarCode: 'TAR_ENTRY_ERROR'
35 silly tar }
36 warn tar TAR_ENTRY_ERROR ENOENT: no such file or directory, lstat '/Users/guozigeng/Documents/Learning/Group Subject/Workspace/.npm-cache/_npx/1415fee72ff6294b/node_modules/create-vite/template-vue-ts/.vscode'
37 silly tar TAR_ENTRY_ERROR ENOENT: no such file or directory, lstat '/Users/guozigeng/Documents/Learning/Group Subject/Workspace/.npm-cache/_npx/1415fee72ff6294b/node_modules/create-vite/template-vue-ts/.vscode' [Error: ENOENT: no such file or directory, lstat '/Users/guozigeng/Documents/Learning/Group Subject/Workspace/.npm-cache/_npx/1415fee72ff6294b/node_modules/create-vite/template-vue-ts/.vscode'] {
37 silly tar   errno: -2,
37 silly tar   code: 'ENOENT',
37 silly tar   syscall: 'lstat',
37 silly tar   path: '/Users/guozigeng/Documents/Learning/Group Subject/Workspace/.npm-cache/_npx/1415fee72ff6294b/node_modules/create-vite/template-vue-ts/.vscode',
37 silly tar   entry: ReadEntry {
37 silly tar     _events: [Object: null prototype] { end: [Function (anonymous)] },
37 silly tar     _eventsCount: 1,
37 silly tar     _maxListeners: undefined,
37 silly tar     writable: false,
37 silly tar     readable: true,
37 silly tar     extended: null,
37 silly tar     globalExtended: null,
37 silly tar     header: Header {
37 silly tar       cksumValid: true,
37 silly tar       needPax: false,
37 silly tar       nullBlock: false,
37 silly tar       block: null,
37 silly tar       path: 'package/template-vue-ts/.vscode/extensions.json',
37 silly tar       mode: 420,
37 silly tar       uid: 0,
37 silly tar       gid: 0,
37 silly tar       size: 39,
37 silly tar       mtime: 1985-10-26T08:15:00.000Z,
37 silly tar       cksum: 8392,
37 silly tar       linkpath: '',
37 silly tar       uname: '',
37 silly tar       gname: '',
37 silly tar       devmaj: 0,
37 silly tar       devmin: 0,
37 silly tar       atime: null,
37 silly tar       ctime: null,
37 silly tar       [Symbol(type)]: '0'
37 silly tar     },
37 silly tar     startBlockSize: 512,
37 silly tar     blockRemain: 0,
37 silly tar     remain: 0,
37 silly tar     type: 'File',
37 silly tar     meta: false,
37 silly tar     ignore: false,
37 silly tar     path: 'template-vue-ts/.vscode/extensions.json',
37 silly tar     mode: 438,
37 silly tar     uid: 0,
37 silly tar     gid: 0,
37 silly tar     uname: '',
37 silly tar     gname: '',
37 silly tar     size: 39,
37 silly tar     mtime: 1985-10-26T08:15:00.000Z,
37 silly tar     atime: null,
37 silly tar     ctime: null,
37 silly tar     linkpath: '',
37 silly tar     absolute: '/Users/guozigeng/Documents/Learning/Group Subject/Workspace/.npm-cache/_npx/1415fee72ff6294b/node_modules/create-vite/template-vue-ts/.vscode/extensions.json',
37 silly tar     [Symbol(shapeMode)]: false,
37 silly tar     [Symbol(kCapture)]: false,
37 silly tar     [Symbol(flowing)]: false,
37 silly tar     [Symbol(paused)]: true,
37 silly tar     [Symbol(pipes)]: [],
37 silly tar     [Symbol(buffer)]: [
37 silly tar       <Buffer 7b 0a 20 20 22 72 65 63 6f 6d 6d 65 6e 64 61 74 69 6f 6e 73 22 3a 20 5b 22 56 75 65 2e 76 6f 6c 61 72 22 5d 0a 7d 0a>
37 silly tar     ],
37 silly tar     [Symbol(objectMode)]: false,
37 silly tar     [Symbol(encoding)]: null,
37 silly tar     [Symbol(async)]: false,
37 silly tar     [Symbol(decoder)]: null,
37 silly tar     [Symbol(EOF)]: true,
37 silly tar     [Symbol(emittedEnd)]: false,
37 silly tar     [Symbol(emittingEnd)]: false,
37 silly tar     [Symbol(closed)]: false,
37 silly tar     [Symbol(emittedError)]: null,
37 silly tar     [Symbol(bufferLength)]: 39,
37 silly tar     [Symbol(destroyed)]: false,
37 silly tar     [Symbol(signal)]: undefined,
37 silly tar     [Symbol(aborted)]: false
37 silly tar   },
37 silly tar   cwd: '/Users/guozigeng/Documents/Learning/Group Subject/Workspace/.npm-cache/_npx/1415fee72ff6294b/node_modules/create-vite',
37 silly tar   tarCode: 'TAR_ENTRY_ERROR'
37 silly tar }
38 warn tar TAR_ENTRY_ERROR ENOENT: no such file or directory, lstat '/Users/guozigeng/Documents/Learning/Group Subject/Workspace/.npm-cache/_npx/1415fee72ff6294b/node_modules/create-vite/template-vue/.vscode'
39 silly tar TAR_ENTRY_ERROR ENOENT: no such file or directory, lstat '/Users/guozigeng/Documents/Learning/Group Subject/Workspace/.npm-cache/_npx/1415fee72ff6294b/node_modules/create-vite/template-vue/.vscode' [Error: ENOENT: no such file or directory, lstat '/Users/guozigeng/Documents/Learning/Group Subject/Workspace/.npm-cache/_npx/1415fee72ff6294b/node_modules/create-vite/template-vue/.vscode'] {
39 silly tar   errno: -2,
39 silly tar   code: 'ENOENT',
39 silly tar   syscall: 'lstat',
39 silly tar   path: '/Users/guozigeng/Documents/Learning/Group Subject/Workspace/.npm-cache/_npx/1415fee72ff6294b/node_modules/create-vite/template-vue/.vscode',
39 silly tar   entry: ReadEntry {
39 silly tar     _events: [Object: null prototype] { end: [Function (anonymous)] },
39 silly tar     _eventsCount: 1,
39 silly tar     _maxListeners: undefined,
39 silly tar     writable: false,
39 silly tar     readable: true,
39 silly tar     extended: null,
39 silly tar     globalExtended: null,
39 silly tar     header: Header {
39 silly tar       cksumValid: true,
39 silly tar       needPax: false,
39 silly tar       nullBlock: false,
39 silly tar       block: null,
39 silly tar       path: 'package/template-vue/.vscode/extensions.json',
39 silly tar       mode: 420,
39 silly tar       uid: 0,
39 silly tar       gid: 0,
39 silly tar       size: 39,
39 silly tar       mtime: 1985-10-26T08:15:00.000Z,
39 silly tar       cksum: 8116,
39 silly tar       linkpath: '',
39 silly tar       uname: '',
39 silly tar       gname: '',
39 silly tar       devmaj: 0,
39 silly tar       devmin: 0,
39 silly tar       atime: null,
39 silly tar       ctime: null,
39 silly tar       [Symbol(type)]: '0'
39 silly tar     },
39 silly tar     startBlockSize: 512,
39 silly tar     blockRemain: 0,
39 silly tar     remain: 0,
39 silly tar     type: 'File',
39 silly tar     meta: false,
39 silly tar     ignore: false,
39 silly tar     path: 'template-vue/.vscode/extensions.json',
39 silly tar     mode: 438,
39 silly tar     uid: 0,
39 silly tar     gid: 0,
39 silly tar     uname: '',
39 silly tar     gname: '',
39 silly tar     size: 39,
39 silly tar     mtime: 1985-10-26T08:15:00.000Z,
39 silly tar     atime: null,
39 silly tar     ctime: null,
39 silly tar     linkpath: '',
39 silly tar     absolute: '/Users/guozigeng/Documents/Learning/Group Subject/Workspace/.npm-cache/_npx/1415fee72ff6294b/node_modules/create-vite/template-vue/.vscode/extensions.json',
39 silly tar     [Symbol(shapeMode)]: false,
39 silly tar     [Symbol(kCapture)]: false,
39 silly tar     [Symbol(flowing)]: false,
39 silly tar     [Symbol(paused)]: true,
39 silly tar     [Symbol(pipes)]: [],
39 silly tar     [Symbol(buffer)]: [
39 silly tar       <Buffer 7b 0a 20 20 22 72 65 63 6f 6d 6d 65 6e 64 61 74 69 6f 6e 73 22 3a 20 5b 22 56 75 65 2e 76 6f 6c 61 72 22 5d 0a 7d 0a>
39 silly tar     ],
39 silly tar     [Symbol(objectMode)]: false,
39 silly tar     [Symbol(encoding)]: null,
39 silly tar     [Symbol(async)]: false,
39 silly tar     [Symbol(decoder)]: null,
39 silly tar     [Symbol(EOF)]: true,
39 silly tar     [Symbol(emittedEnd)]: false,
39 silly tar     [Symbol(emittingEnd)]: false,
39 silly tar     [Symbol(closed)]: false,
39 silly tar     [Symbol(emittedError)]: null,
39 silly tar     [Symbol(bufferLength)]: 39,
39 silly tar     [Symbol(destroyed)]: false,
39 silly tar     [Symbol(signal)]: undefined,
39 silly tar     [Symbol(aborted)]: false
39 silly tar   },
39 silly tar   cwd: '/Users/guozigeng/Documents/Learning/Group Subject/Workspace/.npm-cache/_npx/1415fee72ff6294b/node_modules/create-vite',
39 silly tar   tarCode: 'TAR_ENTRY_ERROR'
39 silly tar }
40 http fetch GET 200 https://cdn.npmmirror.com/packages/create-vite/8.0.2/create-vite-8.0.2.tgz 416ms (cache miss)
41 verbose cwd /Users/guozigeng/Documents/Learning/Group Subject/Workspace
42 verbose os Darwin 24.3.0
43 verbose node v23.9.0
44 verbose npm  v10.9.2
45 notice
45 notice New major version of npm available! 10.9.2 -> 11.6.2
45 notice Changelog: https://github.com/npm/cli/releases/tag/v11.6.2
45 notice To update run: npm install -g npm@11.6.2
45 notice  { force: true, [Symbol(proc-log.meta)]: true }
46 verbose exit 0
47 info ok
